Archive member included because of file (symbol)

c:/program files/atollic/truestudio for arm 5.4.0/armtools/bin/../lib/gcc/arm-atollic-eabi/4.8.3/../../../../arm-atollic-eabi/lib/armv7e-m/fpu\libc.a(lib_a-init.o)
                              Application\TrueSTUDIO\startup_stm32f411xe.o (__libc_init_array)
c:/program files/atollic/truestudio for arm 5.4.0/armtools/bin/../lib/gcc/arm-atollic-eabi/4.8.3/../../../../arm-atollic-eabi/lib/armv7e-m/fpu\libc.a(lib_a-memcpy-stub.o)
                              Middlewares\FreeRTOS\queue.o (memcpy)
c:/program files/atollic/truestudio for arm 5.4.0/armtools/bin/../lib/gcc/arm-atollic-eabi/4.8.3/../../../../arm-atollic-eabi/lib/armv7e-m/fpu\libc.a(lib_a-memset.o)
                              Middlewares\FreeRTOS\tasks.o (memset)

Allocating common symbols
Common symbol       size              file

defaultTaskHandle   0x4               Application\User\main.o
xQueueRegistry      0x40              Middlewares\FreeRTOS\queue.o
pFlash              0x20              Drivers\STM32F4xx_HAL_Driver\stm32f4xx_hal_flash.o
myMutex01Handle     0x4               Application\User\main.o

Discarded input sections

 .text          0x00000000        0x0 c:/program files/atollic/truestudio for arm 5.4.0/armtools/bin/../lib/gcc/arm-atollic-eabi/4.8.3/armv7e-m/fpu/crti.o
 .data          0x00000000        0x0 c:/program files/atollic/truestudio for arm 5.4.0/armtools/bin/../lib/gcc/arm-atollic-eabi/4.8.3/armv7e-m/fpu/crti.o
 .bss           0x00000000        0x0 c:/program files/atollic/truestudio for arm 5.4.0/armtools/bin/../lib/gcc/arm-atollic-eabi/4.8.3/armv7e-m/fpu/crti.o
 .data          0x00000000        0x4 c:/program files/atollic/truestudio for arm 5.4.0/armtools/bin/../lib/gcc/arm-atollic-eabi/4.8.3/armv7e-m/fpu/crtbegin.o
 .text          0x00000000        0x0 Middlewares\FreeRTOS\timers.o
 .data          0x00000000        0x0 Middlewares\FreeRTOS\timers.o
 .bss           0x00000000        0x0 Middlewares\FreeRTOS\timers.o
 .debug_info    0x00000000       0x72 Middlewares\FreeRTOS\timers.o
 .debug_abbrev  0x00000000       0x26 Middlewares\FreeRTOS\timers.o
 .debug_aranges
                0x00000000       0x18 Middlewares\FreeRTOS\timers.o
 .debug_line    0x00000000       0x1d Middlewares\FreeRTOS\timers.o
 .debug_str     0x00000000      0x1ec Middlewares\FreeRTOS\timers.o
 .comment       0x00000000       0x83 Middlewares\FreeRTOS\timers.o
 .ARM.attributes
                0x00000000       0x39 Middlewares\FreeRTOS\timers.o
 .text          0x00000000        0x0 Middlewares\FreeRTOS\tasks.o
 .data          0x00000000        0x0 Middlewares\FreeRTOS\tasks.o
 .bss           0x00000000        0x0 Middlewares\FreeRTOS\tasks.o
 .text.prvListTaskWithinSingleList
                0x00000000       0x88 Middlewares\FreeRTOS\tasks.o
 .text.vTaskDelete
                0x00000000       0xcc Middlewares\FreeRTOS\tasks.o
 .text.uxTaskPriorityGet
                0x00000000       0x1c Middlewares\FreeRTOS\tasks.o
 .text.uxTaskPriorityGetFromISR
                0x00000000       0x30 Middlewares\FreeRTOS\tasks.o
 .text.vTaskPrioritySet
                0x00000000       0xdc Middlewares\FreeRTOS\tasks.o
 .text.xTaskResumeFromISR
                0x00000000       0xa4 Middlewares\FreeRTOS\tasks.o
 .text.vTaskEndScheduler
                0x00000000       0x20 Middlewares\FreeRTOS\tasks.o
 .text.xTaskGetTickCountFromISR
                0x00000000       0x10 Middlewares\FreeRTOS\tasks.o
 .text.uxTaskGetNumberOfTasks
                0x00000000        0xc Middlewares\FreeRTOS\tasks.o
 .text.uxTaskGetSystemState
                0x00000000       0x9c Middlewares\FreeRTOS\tasks.o
 .text.vTaskPlaceOnUnorderedEventList
                0x00000000       0x94 Middlewares\FreeRTOS\tasks.o
 .text.xTaskRemoveFromUnorderedEventList
                0x00000000       0x8c Middlewares\FreeRTOS\tasks.o
 .text.uxTaskGetTaskNumber
                0x00000000        0x6 Middlewares\FreeRTOS\tasks.o
 .text.vTaskSetTaskNumber
                0x00000000        0x6 Middlewares\FreeRTOS\tasks.o
 .text.xTaskGetCurrentTaskHandle
                0x00000000        0xc Middlewares\FreeRTOS\tasks.o
 .text.uxTaskResetEventItemValue
                0x00000000       0x18 Middlewares\FreeRTOS\tasks.o
 .text.ulTaskNotifyTake
                0x00000000       0xa4 Middlewares\FreeRTOS\tasks.o
 .text.xTaskNotifyWait
                0x00000000       0xc8 Middlewares\FreeRTOS\tasks.o
 .text.xTaskGenericNotify
                0x00000000       0xcc Middlewares\FreeRTOS\tasks.o
 .text.xTaskNotifyFromISR
                0x00000000       0xec Middlewares\FreeRTOS\tasks.o
 .text.vTaskNotifyGiveFromISR
                0x00000000       0xc0 Middlewares\FreeRTOS\tasks.o
 .text          0x00000000        0x0 Middlewares\FreeRTOS\queue.o
 .data          0x00000000        0x0 Middlewares\FreeRTOS\queue.o
 .bss           0x00000000        0x0 Middlewares\FreeRTOS\queue.o
 .text.xQueueGenericReset
[...]
Memory Configuration

Name             Origin             Length             Attributes
FLASH            0x08000000         0x00080000         xr
RAM              0x20000000         0x00020000         xrw
*default*        0x00000000         0xffffffff

Linker script and memory map

LOAD c:/program files/atollic/truestudio for arm 5.4.0/armtools/bin/../lib/gcc/arm-atollic-eabi/4.8.3/armv7e-m/fpu/crti.o
LOAD c:/program files/atollic/truestudio for arm 5.4.0/armtools/bin/../lib/gcc/arm-atollic-eabi/4.8.3/armv7e-m/fpu/crtbegin.o
LOAD Middlewares\FreeRTOS\timers.o
LOAD Middlewares\FreeRTOS\tasks.o
LOAD Middlewares\FreeRTOS\queue.o
LOAD Middlewares\FreeRTOS\port.o
LOAD Middlewares\FreeRTOS\list.o
LOAD Middlewares\FreeRTOS\heap_4.o
LOAD Middlewares\FreeRTOS\event_groups.o
LOAD Middlewares\FreeRTOS\croutine.o
LOAD Middlewares\FreeRTOS\cmsis_os.o
LOAD Drivers\STM32F4xx_HAL_Driver\stm32f4xx_hal_rcc_ex.o
LOAD Drivers\STM32F4xx_HAL_Driver\stm32f4xx_hal_rcc.o
LOAD Drivers\STM32F4xx_HAL_Driver\stm32f4xx_hal_pwr_ex.o
LOAD Drivers\STM32F4xx_HAL_Driver\stm32f4xx_hal_pwr.o
LOAD Drivers\STM32F4xx_HAL_Driver\stm32f4xx_hal_gpio.o
LOAD Drivers\STM32F4xx_HAL_Driver\stm32f4xx_hal_flash_ramfunc.o
LOAD Drivers\STM32F4xx_HAL_Driver\stm32f4xx_hal_flash_ex.o
LOAD Drivers\STM32F4xx_HAL_Driver\stm32f4xx_hal_flash.o
LOAD Drivers\STM32F4xx_HAL_Driver\stm32f4xx_hal_dma_ex.o
LOAD Drivers\STM32F4xx_HAL_Driver\stm32f4xx_hal_dma.o
LOAD Drivers\STM32F4xx_HAL_Driver\stm32f4xx_hal_cortex.o
LOAD Drivers\STM32F4xx_HAL_Driver\stm32f4xx_hal.o
LOAD Drivers\CMSIS\system_stm32f4xx.o
LOAD Application\User\stm32f4xx_it.o
LOAD Application\User\stm32f4xx_hal_msp.o
LOAD Application\User\main.o
LOAD Application\User\freertos.o
LOAD Application\TrueSTUDIO\startup_stm32f411xe.o
START GROUP
LOAD c:/program files/atollic/truestudio for arm 5.4.0/armtools/bin/../lib/gcc/arm-atollic-eabi/4.8.3/../../../../arm-atollic-eabi/lib/armv7e-m/fpu\libc.a
LOAD c:/program files/atollic/truestudio for arm 5.4.0/armtools/bin/../lib/gcc/arm-atollic-eabi/4.8.3/../../../../arm-atollic-eabi/lib/armv7e-m/fpu\libm.a
END GROUP
                0x00001000                malloc_getpagesize_P = 0x1000
START GROUP
LOAD c:/program files/atollic/truestudio for arm 5.4.0/armtools/bin/../lib/gcc/arm-atollic-eabi/4.8.3/armv7e-m/fpu\libgcc.a
LOAD c:/program files/atollic/truestudio for arm 5.4.0/armtools/bin/../lib/gcc/arm-atollic-eabi/4.8.3/../../../../arm-atollic-eabi/lib/armv7e-m/fpu\libc.a
END GROUP
LOAD c:/program files/atollic/truestudio for arm 5.4.0/armtools/bin/../lib/gcc/arm-atollic-eabi/4.8.3/armv7e-m/fpu/crtend.o
LOAD c:/program files/atollic/truestudio for arm 5.4.0/armtools/bin/../lib/gcc/arm-atollic-eabi/4.8.3/armv7e-m/fpu/crtn.o
                0x20020000                _estack = 0x20020000
                0x00000000                _Min_Heap_Size = 0x0
                0x00000400                _Min_Stack_Size = 0x400

.isr_vector     0x08000000      0x198
                0x08000000                . = ALIGN (0x4)
 *(.isr_vector)
 .isr_vector    0x08000000      0x198 Application\TrueSTUDIO\startup_stm32f411xe.o
                0x08000000                g_pfnVectors
                0x08000198                . = ALIGN (0x4)

.text           0x08000198     0x2248
                0x08000198                . = ALIGN (0x4)
 *(.text)
 .text          0x08000198       0x40 c:/program files/atollic/truestudio for arm 5.4.0/armtools/bin/../lib/gcc/arm-atollic-eabi/4.8.3/armv7e-m/fpu/crtbegin.o
 *(.text*)
 .text.prvTaskIsTaskSuspended
                0x080001d8       0x3c Middlewares\FreeRTOS\tasks.o
 .text.prvResetNextTaskUnblockTime
                0x08000214       0x24 Middlewares\FreeRTOS\tasks.o
 .text.prvAddCurrentTaskToDelayedList
                0x08000238       0x50 Middlewares\FreeRTOS\tasks.o
 .text.xTaskGenericCreate
                0x08000288      0x1d0 Middlewares\FreeRTOS\tasks.o
                0x08000288                xTaskGenericCreate
 .text.vTaskResume
                0x08000458       0x88 Middlewares\FreeRTOS\tasks.o
                0x08000458                vTaskResume
 .text.vTaskStartScheduler
                0x080004e0       0x6c Middlewares\FreeRTOS\tasks.o
                0x080004e0                vTaskStartScheduler
 .text.vTaskSuspendAll
                0x0800054c       0x10 Middlewares\FreeRTOS\tasks.o
                0x0800054c                vTaskSuspendAll
 .text.xTaskGetTickCount
                0x0800055c        0xc Middlewares\FreeRTOS\tasks.o
                0x0800055c                xTaskGetTickCount
 .text.xTaskIncrementTick
                0x08000568      0x118 Middlewares\FreeRTOS\tasks.o
                0x08000568                xTaskIncrementTick
 .text.xTaskResumeAll
                0x08000680       0xe8 Middlewares\FreeRTOS\tasks.o
                0x08000680                xTaskResumeAll
 .text.vTaskDelayUntil
                0x08000768       0xc8 Middlewares\FreeRTOS\tasks.o
                0x08000768                vTaskDelayUntil
 .text.vTaskDelay
                0x08000830       0x80 Middlewares\FreeRTOS\tasks.o
                0x08000830                vTaskDelay
 .text.prvIdleTask
                0x080008b0       0x74 Middlewares\FreeRTOS\tasks.o
 .text.vTaskSwitchContext
                0x08000924       0x6c Middlewares\FreeRTOS\tasks.o
                0x08000924                vTaskSwitchContext
 .text.vTaskSuspend
                0x08000990       0xd0 Middlewares\FreeRTOS\tasks.o
                0x08000990                vTaskSuspend
 .text.vTaskPlaceOnEventList
                0x08000a60       0x70 Middlewares\FreeRTOS\tasks.o
                0x08000a60                vTaskPlaceOnEventList
 .text.xTaskRemoveFromEventList
                0x08000ad0       0x80 Middlewares\FreeRTOS\tasks.o
                0x08000ad0                xTaskRemoveFromEventList
 .text.vTaskSetTimeOutState
                0x08000b50       0x2c Middlewares\FreeRTOS\tasks.o
                0x08000b50                vTaskSetTimeOutState
 .text.xTaskCheckForTimeOut
                0x08000b7c       0x74 Middlewares\FreeRTOS\tasks.o
                0x08000b7c                xTaskCheckForTimeOut
 .text.vTaskMissedYield
                0x08000bf0        0xc Middlewares\FreeRTOS\tasks.o
                0x08000bf0                vTaskMissedYield
 .text.xTaskGetSchedulerState
                0x08000bfc       0x20 Middlewares\FreeRTOS\tasks.o
                0x08000bfc                xTaskGetSchedulerState
 .text.vTaskPriorityInherit
                0x08000c1c       0x94 Middlewares\FreeRTOS\tasks.o
                0x08000c1c                vTaskPriorityInherit
 .text.xTaskPriorityDisinherit
                0x08000cb0       0xa4 Middlewares\FreeRTOS\tasks.o
                0x08000cb0                xTaskPriorityDisinherit
 .text.pvTaskIncrementMutexHeldCount
                0x08000d54       0x18 Middlewares\FreeRTOS\tasks.o
                0x08000d54                pvTaskIncrementMutexHeldCount
 .text.unlikely.prvCopyDataToQueue
                0x08000d6c       0x6a Middlewares\FreeRTOS\queue.o
 .text.unlikely.prvCopyDataFromQueue
                0x08000dd6       0x26 Middlewares\FreeRTOS\queue.o
 .text.prvUnlockQueue
                0x08000dfc       0x64 Middlewares\FreeRTOS\queue.o
 .text.xQueueGenericSend
                0x08000e60      0x164 Middlewares\FreeRTOS\queue.o
                0x08000e60                xQueueGenericSend
 .text.xQueueCreateMutex
                0x08000fc4       0x5c Middlewares\FreeRTOS\queue.o
                0x08000fc4                xQueueCreateMutex
 .text.xQueueGenericReceive
                0x08001020      0x16c Middlewares\FreeRTOS\queue.o
                0x08001020                xQueueGenericReceive
 .text.prvTaskExitError
                0x0800118c       0x30 Middlewares\FreeRTOS\port.o
 .text.prvPortStartFirstTask
                0x080011bc       0x20 Middlewares\FreeRTOS\port.o
 .text.vPortEnableVFP
                0x080011dc       0x14 Middlewares\FreeRTOS\port.o
 .text.pxPortInitialiseStack
                0x080011f0       0x24 Middlewares\FreeRTOS\port.o
                0x080011f0                pxPortInitialiseStack
 .text.SVC_Handler
                0x08001214       0x20 Middlewares\FreeRTOS\port.o
                0x08001214                SVC_Handler
 .text.vPortEnterCritical
                0x08001234       0x44 Middlewares\FreeRTOS\port.o
                0x08001234                vPortEnterCritical
 .text.vPortExitCritical
                0x08001278       0x28 Middlewares\FreeRTOS\port.o
                0x08001278                vPortExitCritical
 .text.PendSV_Handler
                0x080012a0       0x60 Middlewares\FreeRTOS\port.o
                0x080012a0                PendSV_Handler
 .text.xPortSysTickHandler
                0x08001300       0x30 Middlewares\FreeRTOS\port.o
                0x08001300                xPortSysTickHandler
 .text.vPortSetupTimerInterrupt
                0x08001330       0x24 Middlewares\FreeRTOS\port.o
                0x08001330                vPortSetupTimerInterrupt
 .text.xPortStartScheduler
                0x08001354       0xe4 Middlewares\FreeRTOS\port.o
                0x08001354                xPortStartScheduler
 .text.vListInitialise
                0x08001438       0x16 Middlewares\FreeRTOS\list.o
                0x08001438                vListInitialise
 .text.vListInitialiseItem
                0x0800144e        0x6 Middlewares\FreeRTOS\list.o
                0x0800144e                vListInitialiseItem
 .text.vListInsertEnd
                0x08001454       0x18 Middlewares\FreeRTOS\list.o
                0x08001454                vListInsertEnd
 .text.vListInsert
                0x0800146c       0x30 Middlewares\FreeRTOS\list.o
                0x0800146c                vListInsert
 .text.uxListRemove
                0x0800149c       0x20 Middlewares\FreeRTOS\list.o
                0x0800149c                uxListRemove
 .text.unlikely.prvInsertBlockIntoFreeList
                0x080014bc       0x48 Middlewares\FreeRTOS\heap_4.o
 .text.pvPortMalloc
                0x08001504      0x12c Middlewares\FreeRTOS\heap_4.o
                0x08001504                pvPortMalloc
 .text.vPortFree
                0x08001630       0x70 Middlewares\FreeRTOS\heap_4.o
                0x08001630                vPortFree
 .text.osKernelStart
                0x080016a0        0xa Middlewares\FreeRTOS\cmsis_os.o
                0x080016a0                osKernelStart
 .text.osThreadCreate
                0x080016aa       0x36 Middlewares\FreeRTOS\cmsis_os.o
                0x080016aa                osThreadCreate
 .text.osDelay  0x080016e0       0x10 Middlewares\FreeRTOS\cmsis_os.o
                0x080016e0                osDelay
 .text.osMutexCreate
                0x080016f0        0x6 Middlewares\FreeRTOS\cmsis_os.o
                0x080016f0                osMutexCreate
 .text.osSystickHandler
                0x080016f6       0x14 Middlewares\FreeRTOS\cmsis_os.o
                0x080016f6                osSystickHandler
 *fill*         0x0800170a        0x2 
 .text.HAL_RCC_OscConfig
                0x0800170c      0x2f8 Drivers\STM32F4xx_HAL_Driver\stm32f4xx_hal_rcc.o
                0x0800170c                HAL_RCC_OscConfig
 .text.HAL_RCC_ClockConfig
                0x08001a04      0x204 Drivers\STM32F4xx_HAL_Driver\stm32f4xx_hal_rcc.o
                0x08001a04                HAL_RCC_ClockConfig
 .text.HAL_RCC_GetSysClockFreq
                0x08001c08       0x8c Drivers\STM32F4xx_HAL_Driver\stm32f4xx_hal_rcc.o
                0x08001c08                HAL_RCC_GetSysClockFreq
 .text.HAL_RCC_GetHCLKFreq
                0x08001c94       0x34 Drivers\STM32F4xx_HAL_Driver\stm32f4xx_hal_rcc.o
                0x08001c94                HAL_RCC_GetHCLKFreq
 .text.HAL_GPIO_Init
                0x08001cc8      0x1a8 Drivers\STM32F4xx_HAL_Driver\stm32f4xx_hal_gpio.o
                0x08001cc8                HAL_GPIO_Init
 .text.HAL_GPIO_ReadPin
                0x08001e70        0xc Drivers\STM32F4xx_HAL_Driver\stm32f4xx_hal_gpio.o
                0x08001e70                HAL_GPIO_ReadPin
 .text.HAL_GPIO_TogglePin
                0x08001e7c        0x8 Drivers\STM32F4xx_HAL_Driver\stm32f4xx_hal_gpio.o
                0x08001e7c                HAL_GPIO_TogglePin
 .text.HAL_NVIC_SetPriorityGrouping
                0x08001e84       0x24 Drivers\STM32F4xx_HAL_Driver\stm32f4xx_hal_cortex.o
                0x08001e84                HAL_NVIC_SetPriorityGrouping
 .text.HAL_NVIC_SetPriority
                0x08001ea8       0x64 Drivers\STM32F4xx_HAL_Driver\stm32f4xx_hal_cortex.o
                0x08001ea8                HAL_NVIC_SetPriority
 .text.HAL_SYSTICK_Config
                0x08001f0c       0x2c Drivers\STM32F4xx_HAL_Driver\stm32f4xx_hal_cortex.o
                0x08001f0c                HAL_SYSTICK_Config
 .text.HAL_SYSTICK_CLKSourceConfig
                0x08001f38       0x18 Drivers\STM32F4xx_HAL_Driver\stm32f4xx_hal_cortex.o
                0x08001f38                HAL_SYSTICK_CLKSourceConfig
 .text.HAL_InitTick
                0x08001f50       0x24 Drivers\STM32F4xx_HAL_Driver\stm32f4xx_hal.o
                0x08001f50                HAL_InitTick
 .text.HAL_Init
                0x08001f74       0x34 Drivers\STM32F4xx_HAL_Driver\stm32f4xx_hal.o
                0x08001f74                HAL_Init
 .text.HAL_GetTick
                0x08001fa8        0xc Drivers\STM32F4xx_HAL_Driver\stm32f4xx_hal.o
                0x08001fa8                HAL_GetTick
 .text.SystemInit
                0x08001fb4       0x4c Drivers\CMSIS\system_stm32f4xx.o
                0x08001fb4                SystemInit
 .text.SysTick_Handler
                0x08002000        0x4 Application\User\stm32f4xx_it.o
                0x08002000                SysTick_Handler
 .text.HAL_MspInit
                0x08002004       0x18 Application\User\stm32f4xx_hal_msp.o
                0x08002004                HAL_MspInit
 .text.vTaskCodeBlink1
                0x0800201c       0x44 Application\User\main.o
                0x0800201c                vTaskCodeBlink1
 .text.vTaskCodeBlink10
                0x08002060       0x40 Application\User\main.o
                0x08002060                vTaskCodeBlink10
 .text.vTaskCodeCheckButton
                0x080020a0       0x40 Application\User\main.o
                0x080020a0                vTaskCodeCheckButton
 .text.StartDefaultTask
                0x080020e0        0xa Application\User\main.o
                0x080020e0                StartDefaultTask
 *fill*         0x080020ea        0x2 
 .text.SystemClock_Config
                0x080020ec       0x9c Application\User\main.o
                0x080020ec                SystemClock_Config
 .text.vOtherFunction
                0x08002188       0x84 Application\User\main.o
                0x08002188                vOtherFunction
 .text.startup.main
                0x0800220c       0xf0 Application\User\main.o
                0x0800220c                main
 .text.Reset_Handler
                0x080022fc       0x58 Application\TrueSTUDIO\startup_stm32f411xe.o
                0x080022fc                Reset_Handler
 .text.Default_Handler
                0x08002354        0x4 Application\TrueSTUDIO\startup_stm32f411xe.o
                0x08002354                RTC_Alarm_IRQHandler
                0x08002354                EXTI2_IRQHandler
                0x08002354                DebugMon_Handler
                0x08002354                SPI4_IRQHandler
                0x08002354                TIM1_CC_IRQHandler
                0x08002354                DMA2_Stream5_IRQHandler
                0x08002354                HardFault_Handler
                0x08002354                DMA1_Stream5_IRQHandler
                0x08002354                PVD_IRQHandler
                0x08002354                SDIO_IRQHandler
                0x08002354                TAMP_STAMP_IRQHandler
                0x08002354                NMI_Handler
                0x08002354                EXTI3_IRQHandler
                0x08002354                TIM1_UP_TIM10_IRQHandler
                0x08002354                I2C3_ER_IRQHandler
                0x08002354                EXTI0_IRQHandler
                0x08002354                I2C2_EV_IRQHandler
                0x08002354                DMA1_Stream2_IRQHandler
                0x08002354                FPU_IRQHandler
                0x08002354                UsageFault_Handler
                0x08002354                DMA2_Stream2_IRQHandler
                0x08002354                SPI1_IRQHandler
                0x08002354                TIM1_BRK_TIM9_IRQHandler
                0x08002354                DMA2_Stream3_IRQHandler
                0x08002354                USART6_IRQHandler
                0x08002354                DMA2_Stream0_IRQHandler
                0x08002354                TIM4_IRQHandler
                0x08002354                I2C1_EV_IRQHandler
                0x08002354                DMA1_Stream6_IRQHandler
                0x08002354                DMA1_Stream1_IRQHandler
                0x08002354                TIM3_IRQHandler
                0x08002354                RCC_IRQHandler
                0x08002354                Default_Handler
                0x08002354                EXTI15_10_IRQHandler
                0x08002354                ADC_IRQHandler
                0x08002354                DMA1_Stream7_IRQHandler
                0x08002354                SPI5_IRQHandler
                0x08002354                TIM5_IRQHandler
                0x08002354                DMA2_Stream7_IRQHandler
                0x08002354                I2C3_EV_IRQHandler
                0x08002354                EXTI9_5_IRQHandler
                0x08002354                RTC_WKUP_IRQHandler
                0x08002354                SPI2_IRQHandler
                0x08002354                MemManage_Handler
                0x08002354                DMA1_Stream0_IRQHandler
                0x08002354                EXTI4_IRQHandler
                0x08002354                WWDG_IRQHandler
                0x08002354                TIM2_IRQHandler
                0x08002354                OTG_FS_WKUP_IRQHandler
                0x08002354                TIM1_TRG_COM_TIM11_IRQHandler
                0x08002354                EXTI1_IRQHandler
                0x08002354                USART2_IRQHandler
                0x08002354                I2C2_ER_IRQHandler
                0x08002354                DMA2_Stream1_IRQHandler
                0x08002354                FLASH_IRQHandler
                0x08002354                DMA2_Stream4_IRQHandler
                0x08002354                BusFault_Handler
                0x08002354                USART1_IRQHandler
                0x08002354                OTG_FS_IRQHandler
                0x08002354                SPI3_IRQHandler
                0x08002354                DMA1_Stream4_IRQHandler
                0x08002354                I2C1_ER_IRQHandler
                0x08002354                DMA2_Stream6_IRQHandler
                0x08002354                DMA1_Stream3_IRQHandler
 .text.__libc_init_array
                0x08002358       0x4c c:/program files/atollic/truestudio for arm 5.4.0/armtools/bin/../lib/gcc/arm-atollic-eabi/4.8.3/../../../../arm-atollic-eabi/lib/armv7e-m/fpu\libc.a(lib_a-init.o)
                0x08002358                __libc_init_array
 .text.memcpy   0x080023a4       0x12 c:/program files/atollic/truestudio for arm 5.4.0/armtools/bin/../lib/gcc/arm-atollic-eabi/4.8.3/../../../../arm-atollic-eabi/lib/armv7e-m/fpu\libc.a(lib_a-memcpy-stub.o)
                0x080023a4                memcpy
 .text.memset   0x080023b6       0x10 c:/program files/atollic/truestudio for arm 5.4.0/armtools/bin/../lib/gcc/arm-atollic-eabi/4.8.3/../../../../arm-atollic-eabi/lib/armv7e-m/fpu\libc.a(lib_a-memset.o)
                0x080023b6                memset
 *(.glue_7)
 .glue_7        0x00000000        0x0 linker stubs
 *(.glue_7t)
 .glue_7t       0x00000000        0x0 linker stubs
 *(.eh_frame)
 *fill*         0x080023c6        0x2 
 .eh_frame      0x080023c8        0x0 c:/program files/atollic/truestudio for arm 5.4.0/armtools/bin/../lib/gcc/arm-atollic-eabi/4.8.3/armv7e-m/fpu/crtbegin.o
 *(.init)
 .init          0x080023c8        0x4 c:/program files/atollic/truestudio for arm 5.4.0/armtools/bin/../lib/gcc/arm-atollic-eabi/4.8.3/armv7e-m/fpu/crti.o
                0x080023c8                _init
 .init          0x080023cc        0x8 c:/program files/atollic/truestudio for arm 5.4.0/armtools/bin/../lib/gcc/arm-atollic-eabi/4.8.3/armv7e-m/fpu/crtn.o
 *(.fini)
 .fini          0x080023d4        0x4 c:/program files/atollic/truestudio for arm 5.4.0/armtools/bin/../lib/gcc/arm-atollic-eabi/4.8.3/armv7e-m/fpu/crti.o
                0x080023d4                _fini
 .fini          0x080023d8        0x8 c:/program files/atollic/truestudio for arm 5.4.0/armtools/bin/../lib/gcc/arm-atollic-eabi/4.8.3/armv7e-m/fpu/crtn.o
                0x080023e0                . = ALIGN (0x4)
                0x080023e0                _etext = .

.vfp11_veneer   0x080023e0        0x0
 .vfp11_veneer  0x00000000        0x0 linker stubs

.v4_bx          0x080023e0        0x0
 .v4_bx         0x00000000        0x0 linker stubs

.iplt           0x080023e0        0x0
 .iplt          0x00000000        0x0 c:/program files/atollic/truestudio for arm 5.4.0/armtools/bin/../lib/gcc/arm-atollic-eabi/4.8.3/armv7e-m/fpu/crtbegin.o

.rodata         0x080023e0       0x48
                0x080023e0                . = ALIGN (0x4)
 *(.rodata)
 .rodata        0x080023e0       0x14 Application\User\main.o
 *(.rodata*)
 .rodata.str1.1
                0x080023f4        0x5 Middlewares\FreeRTOS\tasks.o
 .rodata.APBAHBPrescTable
                0x080023f9       0x10 Drivers\STM32F4xx_HAL_Driver\stm32f4xx_hal_rcc.o
                0x080023f9                APBAHBPrescTable
 .rodata.str1.1
                0x08002409       0x1e Application\User\main.o
                0x08002428                . = ALIGN (0x4)
 *fill*         0x08002427        0x1 

.rel.dyn        0x08002428        0x0
 .rel.iplt      0x00000000        0x0 c:/program files/atollic/truestudio for arm 5.4.0/armtools/bin/../lib/gcc/arm-atollic-eabi/4.8.3/armv7e-m/fpu/crtbegin.o

.ARM.extab
 *(.ARM.extab* .gnu.linkonce.armextab.*)

.ARM            0x08002428        0x0
                0x08002428                __exidx_start = .
 *(.ARM.exidx*)
                0x08002428                __exidx_end = .

.preinit_array  0x08002428        0x0
                0x08002428                PROVIDE (__preinit_array_start, .)
 *(.preinit_array*)
                0x08002428                PROVIDE (__preinit_array_end, .)

.init_array     0x08002428        0x4
                0x08002428                PROVIDE (__init_array_start, .)
 *(SORT(.init_array.*))
 *(.init_array*)
 .init_array    0x08002428        0x4 c:/program files/atollic/truestudio for arm 5.4.0/armtools/bin/../lib/gcc/arm-atollic-eabi/4.8.3/armv7e-m/fpu/crtbegin.o
                0x0800242c                PROVIDE (__init_array_end, .)

.fini_array     0x0800242c        0x4
                0x0800242c                PROVIDE (__fini_array_start, .)
 *(SORT(.fini_array.*))
 *(.fini_array*)
 .fini_array    0x0800242c        0x4 c:/program files/atollic/truestudio for arm 5.4.0/armtools/bin/../lib/gcc/arm-atollic-eabi/4.8.3/armv7e-m/fpu/crtbegin.o
                0x08002430                PROVIDE (__fini_array_end, .)
                0x08002430                _sidata = LOADADDR (.data)

.data           0x20000000        0xc load address 0x08002430
                0x20000000                . = ALIGN (0x4)
                0x20000000                _sdata = .
 *(.data)
 *(.data*)
 .data.xNextTaskUnblockTime
                0x20000000        0x4 Middlewares\FreeRTOS\tasks.o
 .data.uxCriticalNesting
                0x20000004        0x4 Middlewares\FreeRTOS\port.o
 .data.SystemCoreClock
                0x20000008        0x4 Drivers\CMSIS\system_stm32f4xx.o
                0x20000008                SystemCoreClock
                0x2000000c                . = ALIGN (0x4)
                0x2000000c                _edata = .

.igot.plt       0x2000000c        0x0 load address 0x0800243c
 .igot.plt      0x00000000        0x0 c:/program files/atollic/truestudio for arm 5.4.0/armtools/bin/../lib/gcc/arm-atollic-eabi/4.8.3/armv7e-m/fpu/crtbegin.o
                0x2000000c                . = ALIGN (0x4)

.bss            0x2000000c     0x3d7c load address 0x0800243c
                0x2000000c                _sbss = .
                0x2000000c                __bss_start__ = _sbss
 *(.bss)
 .bss           0x2000000c       0x1c c:/program files/atollic/truestudio for arm 5.4.0/armtools/bin/../lib/gcc/arm-atollic-eabi/4.8.3/armv7e-m/fpu/crtbegin.o
 *(.bss*)
 .bss.xNumOfOverflows
                0x20000028        0x4 Middlewares\FreeRTOS\tasks.o
 .bss.pxDelayedTaskList
                0x2000002c        0x4 Middlewares\FreeRTOS\tasks.o
 .bss.xSchedulerRunning
                0x20000030        0x4 Middlewares\FreeRTOS\tasks.o
 .bss.uxTasksDeleted
                0x20000034        0x4 Middlewares\FreeRTOS\tasks.o
 .bss.xDelayedTaskList1
                0x20000038       0x14 Middlewares\FreeRTOS\tasks.o
 .bss.xDelayedTaskList2
                0x2000004c       0x14 Middlewares\FreeRTOS\tasks.o
 .bss.uxPendedTicks
                0x20000060        0x4 Middlewares\FreeRTOS\tasks.o
 .bss.pxReadyTasksLists
                0x20000064       0x8c Middlewares\FreeRTOS\tasks.o
 .bss.xTasksWaitingTermination
                0x200000f0       0x14 Middlewares\FreeRTOS\tasks.o
 .bss.pxCurrentTCB
                0x20000104        0x4 Middlewares\FreeRTOS\tasks.o
                0x20000104                pxCurrentTCB
 .bss.xPendingReadyList
                0x20000108       0x14 Middlewares\FreeRTOS\tasks.o
 .bss.uxSchedulerSuspended
                0x2000011c        0x4 Middlewares\FreeRTOS\tasks.o
 .bss.xTickCount
                0x20000120        0x4 Middlewares\FreeRTOS\tasks.o
 .bss.pxOverflowDelayedTaskList
                0x20000124        0x4 Middlewares\FreeRTOS\tasks.o
 .bss.uxTaskNumber
                0x20000128        0x4 Middlewares\FreeRTOS\tasks.o
 .bss.uxCurrentNumberOfTasks
                0x2000012c        0x4 Middlewares\FreeRTOS\tasks.o
 .bss.xSuspendedTaskList
                0x20000130       0x14 Middlewares\FreeRTOS\tasks.o
 .bss.uxTopReadyPriority
                0x20000144        0x4 Middlewares\FreeRTOS\tasks.o
 .bss.xYieldPending
                0x20000148        0x4 Middlewares\FreeRTOS\tasks.o
 .bss.ucMaxSysCallPriority
                0x2000014c        0x1 Middlewares\FreeRTOS\port.o
 *fill*         0x2000014d        0x3 
 .bss.ulMaxPRIGROUPValue
                0x20000150        0x4 Middlewares\FreeRTOS\port.o
 .bss.xFreeBytesRemaining
                0x20000154        0x4 Middlewares\FreeRTOS\heap_4.o
 .bss.pxEnd     0x20000158        0x4 Middlewares\FreeRTOS\heap_4.o
 .bss.xStart    0x2000015c        0x8 Middlewares\FreeRTOS\heap_4.o
 .bss.ucHeap    0x20000164     0x3c00 Middlewares\FreeRTOS\heap_4.o
 .bss.xBlockAllocatedBit
                0x20003d64        0x4 Middlewares\FreeRTOS\heap_4.o
 .bss.xMinimumEverFreeBytesRemaining
                0x20003d68        0x4 Middlewares\FreeRTOS\heap_4.o
 .bss.uwTick    0x20003d6c        0x4 Drivers\STM32F4xx_HAL_Driver\stm32f4xx_hal.o
 .bss.ucParameterToPass.7370
                0x20003d70        0x1 Application\User\main.o
 *fill*         0x20003d71        0x3 
 .bss.xHandleToBlink10Task
                0x20003d74        0x4 Application\User\main.o
                0x20003d74                xHandleToBlink10Task
 .bss.xHandle3.7372
                0x20003d78        0x4 Application\User\main.o
 .bss.xHandle.7371
                0x20003d7c        0x4 Application\User\main.o
 *(COMMON)
 COMMON         0x20003d80        0x8 Application\User\main.o
                0x20003d80                defaultTaskHandle
                0x20003d84                myMutex01Handle
                0x20003d88                . = ALIGN (0x4)
                0x20003d88                _ebss = .
                0x20003d88                __bss_end__ = _ebss

._user_heap_stack
                0x20003d88      0x400 load address 0x0800243c
                0x20003d88                . = ALIGN (0x4)
                0x20003d88                PROVIDE (end, .)
                0x20003d88                PROVIDE (_end, .)
                0x20003d88                . = (. + _Min_Heap_Size)
                0x20004188                . = (. + _Min_Stack_Size)
 *fill*         0x20003d88      0x400 
                0x20004188                . = ALIGN (0x4)

/DISCARD/
 libc.a(*)
 libm.a(*)
 libgcc.a(*)

.ARM.attributes
                0x00000000       0x30
 *(.ARM.attributes)
 .ARM.attributes
                0x00000000       0x22 c:/program files/atollic/truestudio for arm 5.4.0/armtools/bin/../lib/gcc/arm-atollic-eabi/4.8.3/armv7e-m/fpu/crti.o
 .ARM.attributes
                0x00000022       0x34 c:/program files/atollic/truestudio for arm 5.4.0/armtools/bin/../lib/gcc/arm-atollic-eabi/4.8.3/armv7e-m/fpu/crtbegin.o
 .ARM.attributes
                0x00000056       0x39 Middlewares\FreeRTOS\tasks.o
 .ARM.attributes
                0x0000008f       0x39 Middlewares\FreeRTOS\queue.o
 .ARM.attributes
                0x000000c8       0x39 Middlewares\FreeRTOS\port.o
 .ARM.attributes
                0x00000101       0x39 Middlewares\FreeRTOS\list.o
 .ARM.attributes
                0x0000013a       0x39 Middlewares\FreeRTOS\heap_4.o
 .ARM.attributes
                0x00000173       0x39 Middlewares\FreeRTOS\cmsis_os.o
 .ARM.attributes
                0x000001ac       0x39 Drivers\STM32F4xx_HAL_Driver\stm32f4xx_hal_rcc.o
 .ARM.attributes
                0x000001e5       0x39 Drivers\STM32F4xx_HAL_Driver\stm32f4xx_hal_gpio.o
 .ARM.attributes
                0x0000021e       0x39 Drivers\STM32F4xx_HAL_Driver\stm32f4xx_hal_cortex.o
 .ARM.attributes
                0x00000257       0x39 Drivers\STM32F4xx_HAL_Driver\stm32f4xx_hal.o
 .ARM.attributes
                0x00000290       0x39 Drivers\CMSIS\system_stm32f4xx.o
 .ARM.attributes
                0x000002c9       0x39 Application\User\stm32f4xx_it.o
 .ARM.attributes
                0x00000302       0x39 Application\User\stm32f4xx_hal_msp.o
 .ARM.attributes
                0x0000033b       0x39 Application\User\main.o
 .ARM.attributes
                0x00000374       0x21 Application\TrueSTUDIO\startup_stm32f411xe.o
 .ARM.attributes
                0x00000395       0x34 c:/program files/atollic/truestudio for arm 5.4.0/armtools/bin/../lib/gcc/arm-atollic-eabi/4.8.3/../../../../arm-atollic-eabi/lib/armv7e-m/fpu\libc.a(lib_a-init.o)
 .ARM.attributes
                0x000003c9       0x34 c:/program files/atollic/truestudio for arm 5.4.0/armtools/bin/../lib/gcc/arm-atollic-eabi/4.8.3/../../../../arm-atollic-eabi/lib/armv7e-m/fpu\libc.a(lib_a-memcpy-stub.o)
 .ARM.attributes
                0x000003fd       0x34 c:/program files/atollic/truestudio for arm 5.4.0/armtools/bin/../lib/gcc/arm-atollic-eabi/4.8.3/../../../../arm-atollic-eabi/lib/armv7e-m/fpu\libc.a(lib_a-memset.o)
 .ARM.attributes
                0x00000431       0x22 c:/program files/atollic/truestudio for arm 5.4.0/armtools/bin/../lib/gcc/arm-atollic-eabi/4.8.3/armv7e-m/fpu/crtn.o
OUTPUT(lab5Ny Configuration.elf elf32-littlearm)

.debug_info     0x00000000     0xb08c
 .debug_info    0x00000000     0x26b2 Middlewares\FreeRTOS\tasks.o
 .debug_info    0x000026b2     0x18ff Middlewares\FreeRTOS\queue.o
 .debug_info    0x00003fb1      0x54d Middlewares\FreeRTOS\port.o
 .debug_info    0x000044fe      0x298 Middlewares\FreeRTOS\list.o
 .debug_info    0x00004796      0x486 Middlewares\FreeRTOS\heap_4.o
 .debug_info    0x00004c1c     0x1f84 Middlewares\FreeRTOS\cmsis_os.o
 .debug_info    0x00006ba0      0xced Drivers\STM32F4xx_HAL_Driver\stm32f4xx_hal_rcc.o
 .debug_info    0x0000788d      0x70e Drivers\STM32F4xx_HAL_Driver\stm32f4xx_hal_gpio.o
 .debug_info    0x00007f9b      0xddf Drivers\STM32F4xx_HAL_Driver\stm32f4xx_hal_cortex.o
 .debug_info    0x00008d7a      0x87f Drivers\STM32F4xx_HAL_Driver\stm32f4xx_hal.o
 .debug_info    0x000095f9      0x4a5 Drivers\CMSIS\system_stm32f4xx.o
 .debug_info    0x00009a9e       0xc8 Application\User\stm32f4xx_it.o
 .debug_info    0x00009b66      0x2c8 Application\User\stm32f4xx_hal_msp.o
 .debug_info    0x00009e2e     0x117e Application\User\main.o
 .debug_info    0x0000afac       0xe0 Application\TrueSTUDIO\startup_stm32f411xe.o

.debug_abbrev   0x00000000     0x1f63
 .debug_abbrev  0x00000000      0x39b Middlewares\FreeRTOS\tasks.o
 .debug_abbrev  0x0000039b      0x31e Middlewares\FreeRTOS\queue.o
 .debug_abbrev  0x000006b9      0x220 Middlewares\FreeRTOS\port.o
 .debug_abbrev  0x000008d9       0xdc Middlewares\FreeRTOS\list.o
 .debug_abbrev  0x000009b5      0x243 Middlewares\FreeRTOS\heap_4.o
 .debug_abbrev  0x00000bf8      0x3d1 Middlewares\FreeRTOS\cmsis_os.o
 .debug_abbrev  0x00000fc9      0x320 Drivers\STM32F4xx_HAL_Driver\stm32f4xx_hal_rcc.o
 .debug_abbrev  0x000012e9      0x1c8 Drivers\STM32F4xx_HAL_Driver\stm32f4xx_hal_gpio.o
 .debug_abbrev  0x000014b1      0x2e0 Drivers\STM32F4xx_HAL_Driver\stm32f4xx_hal_cortex.o
 .debug_abbrev  0x00001791      0x283 Drivers\STM32F4xx_HAL_Driver\stm32f4xx_hal.o
 .debug_abbrev  0x00001a14      0x101 Drivers\CMSIS\system_stm32f4xx.o
 .debug_abbrev  0x00001b15       0x88 Application\User\stm32f4xx_it.o
 .debug_abbrev  0x00001b9d       0xd1 Application\User\stm32f4xx_hal_msp.o
 .debug_abbrev  0x00001c6e      0x2e3 Application\User\main.o
 .debug_abbrev  0x00001f51       0x12 Application\TrueSTUDIO\startup_stm32f411xe.o

.debug_loc      0x00000000     0x4768
 .debug_loc     0x00000000     0x15bd Middlewares\FreeRTOS\tasks.o
 .debug_loc     0x000015bd      0xacd Middlewares\FreeRTOS\queue.o
 .debug_loc     0x0000208a       0x9a Middlewares\FreeRTOS\port.o
 .debug_loc     0x00002124       0x75 Middlewares\FreeRTOS\list.o
 .debug_loc     0x00002199      0x3cc Middlewares\FreeRTOS\heap_4.o
 .debug_loc     0x00002565     0x1171 Middlewares\FreeRTOS\cmsis_os.o
 .debug_loc     0x000036d6      0x6b7 Drivers\STM32F4xx_HAL_Driver\stm32f4xx_hal_rcc.o
 .debug_loc     0x00003d8d      0x3e3 Drivers\STM32F4xx_HAL_Driver\stm32f4xx_hal_gpio.o
 .debug_loc     0x00004170      0x422 Drivers\STM32F4xx_HAL_Driver\stm32f4xx_hal_cortex.o
 .debug_loc     0x00004592       0x8e Drivers\STM32F4xx_HAL_Driver\stm32f4xx_hal.o
 .debug_loc     0x00004620       0xc4 Drivers\CMSIS\system_stm32f4xx.o
 .debug_loc     0x000046e4       0x84 Application\User\main.o

.debug_aranges  0x00000000      0x820
 .debug_aranges
                0x00000000      0x180 Middlewares\FreeRTOS\tasks.o
 .debug_aranges
                0x00000180       0xe8 Middlewares\FreeRTOS\queue.o
 .debug_aranges
                0x00000268       0x80 Middlewares\FreeRTOS\port.o
 .debug_aranges
                0x000002e8       0x40 Middlewares\FreeRTOS\list.o
 .debug_aranges
                0x00000328       0x48 Middlewares\FreeRTOS\heap_4.o
 .debug_aranges
                0x00000370      0x198 Middlewares\FreeRTOS\cmsis_os.o
 .debug_aranges
                0x00000508       0x88 Drivers\STM32F4xx_HAL_Driver\stm32f4xx_hal_rcc.o
 .debug_aranges
                0x00000590       0x58 Drivers\STM32F4xx_HAL_Driver\stm32f4xx_hal_gpio.o
 .debug_aranges
                0x000005e8       0x98 Drivers\STM32F4xx_HAL_Driver\stm32f4xx_hal_cortex.o
 .debug_aranges
                0x00000680       0xc0 Drivers\STM32F4xx_HAL_Driver\stm32f4xx_hal.o
 .debug_aranges
                0x00000740       0x28 Drivers\CMSIS\system_stm32f4xx.o
 .debug_aranges
                0x00000768       0x20 Application\User\stm32f4xx_it.o
 .debug_aranges
                0x00000788       0x20 Application\User\stm32f4xx_hal_msp.o
 .debug_aranges
                0x000007a8       0x50 Application\User\main.o
 .debug_aranges
                0x000007f8       0x28 Application\TrueSTUDIO\startup_stm32f411xe.o

.debug_ranges   0x00000000      0x9c0
 .debug_ranges  0x00000000      0x220 Middlewares\FreeRTOS\tasks.o
 .debug_ranges  0x00000220       0xd8 Middlewares\FreeRTOS\queue.o
 .debug_ranges  0x000002f8       0x70 Middlewares\FreeRTOS\port.o
 .debug_ranges  0x00000368       0x30 Middlewares\FreeRTOS\list.o
 .debug_ranges  0x00000398       0x38 Middlewares\FreeRTOS\heap_4.o
 .debug_ranges  0x000003d0      0x1a8 Middlewares\FreeRTOS\cmsis_os.o
 .debug_ranges  0x00000578      0x170 Drivers\STM32F4xx_HAL_Driver\stm32f4xx_hal_rcc.o
 .debug_ranges  0x000006e8       0x48 Drivers\STM32F4xx_HAL_Driver\stm32f4xx_hal_gpio.o
 .debug_ranges  0x00000730       0xd8 Drivers\STM32F4xx_HAL_Driver\stm32f4xx_hal_cortex.o
 .debug_ranges  0x00000808       0xb0 Drivers\STM32F4xx_HAL_Driver\stm32f4xx_hal.o
 .debug_ranges  0x000008b8       0x18 Drivers\CMSIS\system_stm32f4xx.o
 .debug_ranges  0x000008d0       0x10 Application\User\stm32f4xx_it.o
 .debug_ranges  0x000008e0       0x10 Application\User\stm32f4xx_hal_msp.o
 .debug_ranges  0x000008f0       0xb0 Application\User\main.o
 .debug_ranges  0x000009a0       0x20 Application\TrueSTUDIO\startup_stm32f411xe.o

.debug_line     0x00000000     0x4074
 .debug_line    0x00000000      0xbb1 Middlewares\FreeRTOS\tasks.o
 .debug_line    0x00000bb1      0x7bd Middlewares\FreeRTOS\queue.o
 .debug_line    0x0000136e      0x343 Middlewares\FreeRTOS\port.o
 .debug_line    0x000016b1      0x245 Middlewares\FreeRTOS\list.o
 .debug_line    0x000018f6      0x371 Middlewares\FreeRTOS\heap_4.o
 .debug_line    0x00001c67      0x890 Middlewares\FreeRTOS\cmsis_os.o
 .debug_line    0x000024f7      0x5ea Drivers\STM32F4xx_HAL_Driver\stm32f4xx_hal_rcc.o
 .debug_line    0x00002ae1      0x39e Drivers\STM32F4xx_HAL_Driver\stm32f4xx_hal_gpio.o
 .debug_line    0x00002e7f      0x3ec Drivers\STM32F4xx_HAL_Driver\stm32f4xx_hal_cortex.o
 .debug_line    0x0000326b      0x3c2 Drivers\STM32F4xx_HAL_Driver\stm32f4xx_hal.o
 .debug_line    0x0000362d      0x1f6 Drivers\CMSIS\system_stm32f4xx.o
 .debug_line    0x00003823      0x193 Application\User\stm32f4xx_it.o
 .debug_line    0x000039b6      0x1d9 Application\User\stm32f4xx_hal_msp.o
 .debug_line    0x00003b8f      0x431 Application\User\main.o
 .debug_line    0x00003fc0       0xb4 Application\TrueSTUDIO\startup_stm32f411xe.o

.debug_str      0x00000000     0x3128
 .debug_str     0x00000000      0xf4a Middlewares\FreeRTOS\tasks.o
                                0xffc (size before relaxing)
 .debug_str     0x00000f4a      0x494 Middlewares\FreeRTOS\queue.o
                                0x9ca (size before relaxing)
 .debug_str     0x000013de      0x1a2 Middlewares\FreeRTOS\port.o
                                0x4c7 (size before relaxing)
 .debug_str     0x00001580       0x79 Middlewares\FreeRTOS\list.o
                                0x33d (size before relaxing)
 .debug_str     0x000015f9      0x1e7 Middlewares\FreeRTOS\heap_4.o
                                0x431 (size before relaxing)
 .debug_str     0x000017e0      0x796 Middlewares\FreeRTOS\cmsis_os.o
                                0xe1d (size before relaxing)
 .debug_str     0x00001f76      0x4e1 Drivers\STM32F4xx_HAL_Driver\stm32f4xx_hal_rcc.o
                                0x71a (size before relaxing)
 .debug_str     0x00002457      0x16c Drivers\STM32F4xx_HAL_Driver\stm32f4xx_hal_gpio.o
                                0x53f (size before relaxing)
 .debug_str     0x000025c3      0x782 Drivers\STM32F4xx_HAL_Driver\stm32f4xx_hal_cortex.o
                                0xada (size before relaxing)
 .debug_str     0x00002d45      0x1f1 Drivers\STM32F4xx_HAL_Driver\stm32f4xx_hal.o
                                0x994 (size before relaxing)
 .debug_str     0x00002f36       0x7a Drivers\CMSIS\system_stm32f4xx.o
                                0x3f0 (size before relaxing)
 .debug_str     0x00002fb0       0x2c Application\User\stm32f4xx_it.o
                                0x20e (size before relaxing)
 .debug_str     0x00002fdc       0x21 Application\User\stm32f4xx_hal_msp.o
                                0x5e4 (size before relaxing)
 .debug_str     0x00002ffd      0x12b Application\User\main.o
                                0xdf9 (size before relaxing)

.comment        0x00000000       0x82
 .comment       0x00000000       0x82 Middlewares\FreeRTOS\tasks.o
                                 0x83 (size before relaxing)
 .comment       0x00000000       0x83 Middlewares\FreeRTOS\queue.o
 .comment       0x00000000       0x83 Middlewares\FreeRTOS\port.o
 .comment       0x00000000       0x83 Middlewares\FreeRTOS\list.o
 .comment       0x00000000       0x83 Middlewares\FreeRTOS\heap_4.o
 .comment       0x00000000       0x83 Middlewares\FreeRTOS\cmsis_os.o
 .comment       0x00000000       0x83 Drivers\STM32F4xx_HAL_Driver\stm32f4xx_hal_rcc.o
 .comment       0x00000000       0x83 Drivers\STM32F4xx_HAL_Driver\stm32f4xx_hal_gpio.o
 .comment       0x00000000       0x83 Drivers\STM32F4xx_HAL_Driver\stm32f4xx_hal_cortex.o
 .comment       0x00000000       0x83 Drivers\STM32F4xx_HAL_Driver\stm32f4xx_hal.o
 .comment       0x00000000       0x83 Drivers\CMSIS\system_stm32f4xx.o
 .comment       0x00000000       0x83 Application\User\stm32f4xx_it.o
 .comment       0x00000000       0x83 Application\User\stm32f4xx_hal_msp.o
 .comment       0x00000000       0x83 Application\User\main.o

.debug_frame    0x00000000     0x1430
 .debug_frame   0x00000000      0x480 Middlewares\FreeRTOS\tasks.o
 .debug_frame   0x00000480      0x2a8 Middlewares\FreeRTOS\queue.o
 .debug_frame   0x00000728       0xf4 Middlewares\FreeRTOS\port.o
 .debug_frame   0x0000081c       0x6c Middlewares\FreeRTOS\list.o
 .debug_frame   0x00000888       0x90 Middlewares\FreeRTOS\heap_4.o
 .debug_frame   0x00000918      0x488 Middlewares\FreeRTOS\cmsis_os.o
 .debug_frame   0x00000da0      0x148 Drivers\STM32F4xx_HAL_Driver\stm32f4xx_hal_rcc.o
 .debug_frame   0x00000ee8       0xc8 Drivers\STM32F4xx_HAL_Driver\stm32f4xx_hal_gpio.o
 .debug_frame   0x00000fb0      0x130 Drivers\STM32F4xx_HAL_Driver\stm32f4xx_hal_cortex.o
 .debug_frame   0x000010e0      0x184 Drivers\STM32F4xx_HAL_Driver\stm32f4xx_hal.o
 .debug_frame   0x00001264       0x30 Drivers\CMSIS\system_stm32f4xx.o
 .debug_frame   0x00001294       0x20 Application\User\stm32f4xx_it.o
 .debug_frame   0x000012b4       0x28 Application\User\stm32f4xx_hal_msp.o
 .debug_frame   0x000012dc       0xe0 Application\User\main.o
 .debug_frame   0x000013bc       0x2c c:/program files/atollic/truestudio for arm 5.4.0/armtools/bin/../lib/gcc/arm-atollic-eabi/4.8.3/../../../../arm-atollic-eabi/lib/armv7e-m/fpu\libc.a(lib_a-init.o)
 .debug_frame   0x000013e8       0x28 c:/program files/atollic/truestudio for arm 5.4.0/armtools/bin/../lib/gcc/arm-atollic-eabi/4.8.3/../../../../arm-atollic-eabi/lib/armv7e-m/fpu\libc.a(lib_a-memcpy-stub.o)
 .debug_frame   0x00001410       0x20 c:/program files/atollic/truestudio for arm 5.4.0/armtools/bin/../lib/gcc/arm-atollic-eabi/4.8.3/../../../../arm-atollic-eabi/lib/armv7e-m/fpu\libc.a(lib_a-memset.o)

Cross Reference Table

Symbol                                            File
ADC_IRQHandler                                    Application\TrueSTUDIO\startup_stm32f411xe.o
AHBPrescTable                                     Drivers\CMSIS\system_stm32f4xx.o
APBAHBPrescTable                                  Drivers\STM32F4xx_HAL_Driver\stm32f4xx_hal_rcc.o
BusFault_Handler                                  Application\TrueSTUDIO\startup_stm32f411xe.o
DMA1_Stream0_IRQHandler                           Application\TrueSTUDIO\startup_stm32f411xe.o
DMA1_Stream1_IRQHandler                           Application\TrueSTUDIO\startup_stm32f411xe.o
DMA1_Stream2_IRQHandler                           Application\TrueSTUDIO\startup_stm32f411xe.o
DMA1_Stream3_IRQHandler                           Application\TrueSTUDIO\startup_stm32f411xe.o
DMA1_Stream4_IRQHandler                           Application\TrueSTUDIO\startup_stm32f411xe.o
DMA1_Stream5_IRQHandler                           Application\TrueSTUDIO\startup_stm32f411xe.o
DMA1_Stream6_IRQHandler                           Application\TrueSTUDIO\startup_stm32f411xe.o
DMA1_Stream7_IRQHandler                           Application\TrueSTUDIO\startup_stm32f411xe.o
DMA2_Stream0_IRQHandler                           Application\TrueSTUDIO\startup_stm32f411xe.o
DMA2_Stream1_IRQHandler                           Application\TrueSTUDIO\startup_stm32f411xe.o
DMA2_Stream2_IRQHandler                           Application\TrueSTUDIO\startup_stm32f411xe.o
DMA2_Stream3_IRQHandler                           Application\TrueSTUDIO\startup_stm32f411xe.o
DMA2_Stream4_IRQHandler                           Application\TrueSTUDIO\startup_stm32f411xe.o
DMA2_Stream5_IRQHandler                           Application\TrueSTUDIO\startup_stm32f411xe.o
DMA2_Stream6_IRQHandler                           Application\TrueSTUDIO\startup_stm32f411xe.o
DMA2_Stream7_IRQHandler                           Application\TrueSTUDIO\startup_stm32f411xe.o
DebugMon_Handler                                  Application\TrueSTUDIO\startup_stm32f411xe.o
Default_Handler                                   Application\TrueSTUDIO\startup_stm32f411xe.o
EXTI0_IRQHandler                                  Application\TrueSTUDIO\startup_stm32f411xe.o
EXTI15_10_IRQHandler                              Application\TrueSTUDIO\startup_stm32f411xe.o
EXTI1_IRQHandler                                  Application\TrueSTUDIO\startup_stm32f411xe.o
EXTI2_IRQHandler                                  Application\TrueSTUDIO\startup_stm32f411xe.o
EXTI3_IRQHandler                                  Application\TrueSTUDIO\startup_stm32f411xe.o
EXTI4_IRQHandler                                  Application\TrueSTUDIO\startup_stm32f411xe.o
EXTI9_5_IRQHandler                                Application\TrueSTUDIO\startup_stm32f411xe.o
FLASH_Erase_Sector                                Drivers\STM32F4xx_HAL_Driver\stm32f4xx_hal_flash_ex.o
                                                  Drivers\STM32F4xx_HAL_Driver\stm32f4xx_hal_flash.o
FLASH_FlushCaches                                 Drivers\STM32F4xx_HAL_Driver\stm32f4xx_hal_flash_ex.o
                                                  Drivers\STM32F4xx_HAL_Driver\stm32f4xx_hal_flash.o
FLASH_IRQHandler                                  Application\TrueSTUDIO\startup_stm32f411xe.o
FLASH_WaitForLastOperation                        Drivers\STM32F4xx_HAL_Driver\stm32f4xx_hal_flash.o
                                                  Drivers\STM32F4xx_HAL_Driver\stm32f4xx_hal_flash_ex.o
FPU_IRQHandler                                    Application\TrueSTUDIO\startup_stm32f411xe.o
HAL_DBGMCU_DisableDBGSleepMode                    Drivers\STM32F4xx_HAL_Driver\stm32f4xx_hal.o
HAL_DBGMCU_DisableDBGStandbyMode                  Drivers\STM32F4xx_HAL_Driver\stm32f4xx_hal.o
HAL_DBGMCU_DisableDBGStopMode                     Drivers\STM32F4xx_HAL_Driver\stm32f4xx_hal.o
HAL_DBGMCU_EnableDBGSleepMode                     Drivers\STM32F4xx_HAL_Driver\stm32f4xx_hal.o
HAL_DBGMCU_EnableDBGStandbyMode                   Drivers\STM32F4xx_HAL_Driver\stm32f4xx_hal.o
HAL_DBGMCU_EnableDBGStopMode                      Drivers\STM32F4xx_HAL_Driver\stm32f4xx_hal.o
HAL_DMAEx_ChangeMemory                            Drivers\STM32F4xx_HAL_Driver\stm32f4xx_hal_dma_ex.o
HAL_DMAEx_MultiBufferStart                        Drivers\STM32F4xx_HAL_Driver\stm32f4xx_hal_dma_ex.o
HAL_DMAEx_MultiBufferStart_IT                     Drivers\STM32F4xx_HAL_Driver\stm32f4xx_hal_dma_ex.o
HAL_DMA_Abort                                     Drivers\STM32F4xx_HAL_Driver\stm32f4xx_hal_dma.o
HAL_DMA_DeInit                                    Drivers\STM32F4xx_HAL_Driver\stm32f4xx_hal_dma.o
HAL_DMA_GetError                                  Drivers\STM32F4xx_HAL_Driver\stm32f4xx_hal_dma.o
HAL_DMA_GetState                                  Drivers\STM32F4xx_HAL_Driver\stm32f4xx_hal_dma.o
HAL_DMA_IRQHandler                                Drivers\STM32F4xx_HAL_Driver\stm32f4xx_hal_dma.o
HAL_DMA_Init                                      Drivers\STM32F4xx_HAL_Driver\stm32f4xx_hal_dma.o
HAL_DMA_PollForTransfer                           Drivers\STM32F4xx_HAL_Driver\stm32f4xx_hal_dma.o
HAL_DMA_Start                                     Drivers\STM32F4xx_HAL_Driver\stm32f4xx_hal_dma.o
HAL_DMA_Start_IT                                  Drivers\STM32F4xx_HAL_Driver\stm32f4xx_hal_dma.o
HAL_DeInit                                        Drivers\STM32F4xx_HAL_Driver\stm32f4xx_hal.o
HAL_Delay                                         Drivers\STM32F4xx_HAL_Driver\stm32f4xx_hal.o
HAL_DisableCompensationCell                       Drivers\STM32F4xx_HAL_Driver\stm32f4xx_hal.o
HAL_EnableCompensationCell                        Drivers\STM32F4xx_HAL_Driver\stm32f4xx_hal.o
HAL_FLASHEx_AdvOBGetConfig                        Drivers\STM32F4xx_HAL_Driver\stm32f4xx_hal_flash_ex.o
HAL_FLASHEx_AdvOBProgram                          Drivers\STM32F4xx_HAL_Driver\stm32f4xx_hal_flash_ex.o
HAL_FLASHEx_DisableFlashSleepMode                 Drivers\STM32F4xx_HAL_Driver\stm32f4xx_hal_flash_ramfunc.o
HAL_FLASHEx_EnableFlashSleepMode                  Drivers\STM32F4xx_HAL_Driver\stm32f4xx_hal_flash_ramfunc.o
HAL_FLASHEx_Erase                                 Drivers\STM32F4xx_HAL_Driver\stm32f4xx_hal_flash_ex.o
HAL_FLASHEx_Erase_IT                              Drivers\STM32F4xx_HAL_Driver\stm32f4xx_hal_flash_ex.o
HAL_FLASHEx_OBGetConfig                           Drivers\STM32F4xx_HAL_Driver\stm32f4xx_hal_flash_ex.o
HAL_FLASHEx_OBProgram                             Drivers\STM32F4xx_HAL_Driver\stm32f4xx_hal_flash_ex.o
HAL_FLASHEx_OB_DeSelectPCROP                      Drivers\STM32F4xx_HAL_Driver\stm32f4xx_hal_flash_ex.o
HAL_FLASHEx_OB_SelectPCROP                        Drivers\STM32F4xx_HAL_Driver\stm32f4xx_hal_flash_ex.o
HAL_FLASHEx_StartFlashInterfaceClk                Drivers\STM32F4xx_HAL_Driver\stm32f4xx_hal_flash_ramfunc.o
HAL_FLASHEx_StopFlashInterfaceClk                 Drivers\STM32F4xx_HAL_Driver\stm32f4xx_hal_flash_ramfunc.o
HAL_FLASH_EndOfOperationCallback                  Drivers\STM32F4xx_HAL_Driver\stm32f4xx_hal_flash.o
HAL_FLASH_GetError                                Drivers\STM32F4xx_HAL_Driver\stm32f4xx_hal_flash.o
HAL_FLASH_IRQHandler                              Drivers\STM32F4xx_HAL_Driver\stm32f4xx_hal_flash.o
HAL_FLASH_Lock                                    Drivers\STM32F4xx_HAL_Driver\stm32f4xx_hal_flash.o
HAL_FLASH_OB_Launch                               Drivers\STM32F4xx_HAL_Driver\stm32f4xx_hal_flash.o
HAL_FLASH_OB_Lock                                 Drivers\STM32F4xx_HAL_Driver\stm32f4xx_hal_flash.o
HAL_FLASH_OB_Unlock                               Drivers\STM32F4xx_HAL_Driver\stm32f4xx_hal_flash.o
HAL_FLASH_OperationErrorCallback                  Drivers\STM32F4xx_HAL_Driver\stm32f4xx_hal_flash.o
HAL_FLASH_Program                                 Drivers\STM32F4xx_HAL_Driver\stm32f4xx_hal_flash.o
HAL_FLASH_Program_IT                              Drivers\STM32F4xx_HAL_Driver\stm32f4xx_hal_flash.o
HAL_FLASH_Unlock                                  Drivers\STM32F4xx_HAL_Driver\stm32f4xx_hal_flash.o
HAL_GPIO_DeInit                                   Drivers\STM32F4xx_HAL_Driver\stm32f4xx_hal_gpio.o
HAL_GPIO_EXTI_Callback                            Drivers\STM32F4xx_HAL_Driver\stm32f4xx_hal_gpio.o
HAL_GPIO_EXTI_IRQHandler                          Drivers\STM32F4xx_HAL_Driver\stm32f4xx_hal_gpio.o
HAL_GPIO_Init                                     Drivers\STM32F4xx_HAL_Driver\stm32f4xx_hal_gpio.o
                                                  Application\User\main.o
                                                  Drivers\STM32F4xx_HAL_Driver\stm32f4xx_hal_rcc.o
HAL_GPIO_LockPin                                  Drivers\STM32F4xx_HAL_Driver\stm32f4xx_hal_gpio.o
HAL_GPIO_ReadPin                                  Drivers\STM32F4xx_HAL_Driver\stm32f4xx_hal_gpio.o
                                                  Application\User\main.o
HAL_GPIO_TogglePin                                Drivers\STM32F4xx_HAL_Driver\stm32f4xx_hal_gpio.o
                                                  Application\User\main.o
HAL_GPIO_WritePin                                 Drivers\STM32F4xx_HAL_Driver\stm32f4xx_hal_gpio.o
HAL_GetDEVID                                      Drivers\STM32F4xx_HAL_Driver\stm32f4xx_hal.o
HAL_GetHalVersion                                 Drivers\STM32F4xx_HAL_Driver\stm32f4xx_hal.o
HAL_GetREVID                                      Drivers\STM32F4xx_HAL_Driver\stm32f4xx_hal.o
HAL_GetTick                                       Drivers\STM32F4xx_HAL_Driver\stm32f4xx_hal.o
                                                  Drivers\STM32F4xx_HAL_Driver\stm32f4xx_hal_dma.o
                                                  Drivers\STM32F4xx_HAL_Driver\stm32f4xx_hal_flash.o
                                                  Drivers\STM32F4xx_HAL_Driver\stm32f4xx_hal_pwr_ex.o
                                                  Drivers\STM32F4xx_HAL_Driver\stm32f4xx_hal_rcc.o
                                                  Drivers\STM32F4xx_HAL_Driver\stm32f4xx_hal_rcc_ex.o
HAL_IncTick                                       Drivers\STM32F4xx_HAL_Driver\stm32f4xx_hal.o
HAL_Init                                          Drivers\STM32F4xx_HAL_Driver\stm32f4xx_hal.o
                                                  Application\User\main.o
HAL_InitTick                                      Drivers\STM32F4xx_HAL_Driver\stm32f4xx_hal.o
                                                  Drivers\STM32F4xx_HAL_Driver\stm32f4xx_hal_rcc.o
HAL_MPU_ConfigRegion                              Drivers\STM32F4xx_HAL_Driver\stm32f4xx_hal_cortex.o
HAL_MspDeInit                                     Drivers\STM32F4xx_HAL_Driver\stm32f4xx_hal.o
HAL_MspInit                                       Application\User\stm32f4xx_hal_msp.o
                                                  Drivers\STM32F4xx_HAL_Driver\stm32f4xx_hal.o
HAL_NVIC_ClearPendingIRQ                          Drivers\STM32F4xx_HAL_Driver\stm32f4xx_hal_cortex.o
HAL_NVIC_DisableIRQ                               Drivers\STM32F4xx_HAL_Driver\stm32f4xx_hal_cortex.o
HAL_NVIC_EnableIRQ                                Drivers\STM32F4xx_HAL_Driver\stm32f4xx_hal_cortex.o
HAL_NVIC_GetActive                                Drivers\STM32F4xx_HAL_Driver\stm32f4xx_hal_cortex.o
HAL_NVIC_GetPendingIRQ                            Drivers\STM32F4xx_HAL_Driver\stm32f4xx_hal_cortex.o
HAL_NVIC_GetPriority                              Drivers\STM32F4xx_HAL_Driver\stm32f4xx_hal_cortex.o
HAL_NVIC_GetPriorityGrouping                      Drivers\STM32F4xx_HAL_Driver\stm32f4xx_hal_cortex.o
HAL_NVIC_SetPendingIRQ                            Drivers\STM32F4xx_HAL_Driver\stm32f4xx_hal_cortex.o
HAL_NVIC_SetPriority                              Drivers\STM32F4xx_HAL_Driver\stm32f4xx_hal_cortex.o
                                                  Application\User\main.o
                                                  Application\User\stm32f4xx_hal_msp.o
                                                  Drivers\STM32F4xx_HAL_Driver\stm32f4xx_hal.o
HAL_NVIC_SetPriorityGrouping                      Drivers\STM32F4xx_HAL_Driver\stm32f4xx_hal_cortex.o
                                                  Application\User\stm32f4xx_hal_msp.o
                                                  Drivers\STM32F4xx_HAL_Driver\stm32f4xx_hal.o
HAL_NVIC_SystemReset                              Drivers\STM32F4xx_HAL_Driver\stm32f4xx_hal_cortex.o
HAL_PWREx_ControlVoltageScaling                   Drivers\STM32F4xx_HAL_Driver\stm32f4xx_hal_pwr_ex.o
HAL_PWREx_DisableBkUpReg                          Drivers\STM32F4xx_HAL_Driver\stm32f4xx_hal_pwr_ex.o
HAL_PWREx_DisableFlashPowerDown                   Drivers\STM32F4xx_HAL_Driver\stm32f4xx_hal_pwr_ex.o
HAL_PWREx_DisableLowRegulatorLowVoltage           Drivers\STM32F4xx_HAL_Driver\stm32f4xx_hal_pwr_ex.o
HAL_PWREx_DisableMainRegulatorLowVoltage          Drivers\STM32F4xx_HAL_Driver\stm32f4xx_hal_pwr_ex.o
HAL_PWREx_EnableBkUpReg                           Drivers\STM32F4xx_HAL_Driver\stm32f4xx_hal_pwr_ex.o
HAL_PWREx_EnableFlashPowerDown                    Drivers\STM32F4xx_HAL_Driver\stm32f4xx_hal_pwr_ex.o
HAL_PWREx_EnableLowRegulatorLowVoltage            Drivers\STM32F4xx_HAL_Driver\stm32f4xx_hal_pwr_ex.o
HAL_PWREx_EnableMainRegulatorLowVoltage           Drivers\STM32F4xx_HAL_Driver\stm32f4xx_hal_pwr_ex.o
HAL_PWREx_GetVoltageRange                         Drivers\STM32F4xx_HAL_Driver\stm32f4xx_hal_pwr_ex.o
HAL_PWR_ConfigPVD                                 Drivers\STM32F4xx_HAL_Driver\stm32f4xx_hal_pwr.o
HAL_PWR_DeInit                                    Drivers\STM32F4xx_HAL_Driver\stm32f4xx_hal_pwr.o
HAL_PWR_DisableBkUpAccess                         Drivers\STM32F4xx_HAL_Driver\stm32f4xx_hal_pwr.o
HAL_PWR_DisablePVD                                Drivers\STM32F4xx_HAL_Driver\stm32f4xx_hal_pwr.o
HAL_PWR_DisableSEVOnPend                          Drivers\STM32F4xx_HAL_Driver\stm32f4xx_hal_pwr.o
HAL_PWR_DisableSleepOnExit                        Drivers\STM32F4xx_HAL_Driver\stm32f4xx_hal_pwr.o
HAL_PWR_DisableWakeUpPin                          Drivers\STM32F4xx_HAL_Driver\stm32f4xx_hal_pwr.o
HAL_PWR_EnableBkUpAccess                          Drivers\STM32F4xx_HAL_Driver\stm32f4xx_hal_pwr.o
HAL_PWR_EnablePVD                                 Drivers\STM32F4xx_HAL_Driver\stm32f4xx_hal_pwr.o
HAL_PWR_EnableSEVOnPend                           Drivers\STM32F4xx_HAL_Driver\stm32f4xx_hal_pwr.o
HAL_PWR_EnableSleepOnExit                         Drivers\STM32F4xx_HAL_Driver\stm32f4xx_hal_pwr.o
HAL_PWR_EnableWakeUpPin                           Drivers\STM32F4xx_HAL_Driver\stm32f4xx_hal_pwr.o
HAL_PWR_EnterSLEEPMode                            Drivers\STM32F4xx_HAL_Driver\stm32f4xx_hal_pwr.o
HAL_PWR_EnterSTANDBYMode                          Drivers\STM32F4xx_HAL_Driver\stm32f4xx_hal_pwr.o
HAL_PWR_EnterSTOPMode                             Drivers\STM32F4xx_HAL_Driver\stm32f4xx_hal_pwr.o
HAL_PWR_PVDCallback                               Drivers\STM32F4xx_HAL_Driver\stm32f4xx_hal_pwr.o
HAL_PWR_PVD_IRQHandler                            Drivers\STM32F4xx_HAL_Driver\stm32f4xx_hal_pwr.o
HAL_RCCEx_GetPeriphCLKConfig                      Drivers\STM32F4xx_HAL_Driver\stm32f4xx_hal_rcc_ex.o
HAL_RCCEx_PeriphCLKConfig                         Drivers\STM32F4xx_HAL_Driver\stm32f4xx_hal_rcc_ex.o
HAL_RCCEx_SelectLSEMode                           Drivers\STM32F4xx_HAL_Driver\stm32f4xx_hal_rcc_ex.o
HAL_RCC_CSSCallback                               Drivers\STM32F4xx_HAL_Driver\stm32f4xx_hal_rcc.o
HAL_RCC_ClockConfig                               Drivers\STM32F4xx_HAL_Driver\stm32f4xx_hal_rcc.o
                                                  Application\User\main.o
HAL_RCC_DeInit                                    Drivers\STM32F4xx_HAL_Driver\stm32f4xx_hal_rcc_ex.o
HAL_RCC_DisableCSS                                Drivers\STM32F4xx_HAL_Driver\stm32f4xx_hal_rcc.o
HAL_RCC_EnableCSS                                 Drivers\STM32F4xx_HAL_Driver\stm32f4xx_hal_rcc.o
HAL_RCC_GetClockConfig                            Drivers\STM32F4xx_HAL_Driver\stm32f4xx_hal_rcc.o
HAL_RCC_GetHCLKFreq                               Drivers\STM32F4xx_HAL_Driver\stm32f4xx_hal_rcc.o
                                                  Application\User\main.o
                                                  Drivers\STM32F4xx_HAL_Driver\stm32f4xx_hal.o
HAL_RCC_GetOscConfig                              Drivers\STM32F4xx_HAL_Driver\stm32f4xx_hal_rcc.o
HAL_RCC_GetPCLK1Freq                              Drivers\STM32F4xx_HAL_Driver\stm32f4xx_hal_rcc.o
HAL_RCC_GetPCLK2Freq                              Drivers\STM32F4xx_HAL_Driver\stm32f4xx_hal_rcc.o
HAL_RCC_GetSysClockFreq                           Drivers\STM32F4xx_HAL_Driver\stm32f4xx_hal_rcc.o
HAL_RCC_MCOConfig                                 Drivers\STM32F4xx_HAL_Driver\stm32f4xx_hal_rcc.o
HAL_RCC_NMI_IRQHandler                            Drivers\STM32F4xx_HAL_Driver\stm32f4xx_hal_rcc.o
HAL_RCC_OscConfig                                 Drivers\STM32F4xx_HAL_Driver\stm32f4xx_hal_rcc.o
                                                  Application\User\main.o
HAL_ResumeTick                                    Drivers\STM32F4xx_HAL_Driver\stm32f4xx_hal.o
HAL_SYSTICK_CLKSourceConfig                       Drivers\STM32F4xx_HAL_Driver\stm32f4xx_hal_cortex.o
                                                  Application\User\main.o
HAL_SYSTICK_Callback                              Drivers\STM32F4xx_HAL_Driver\stm32f4xx_hal_cortex.o
HAL_SYSTICK_Config                                Drivers\STM32F4xx_HAL_Driver\stm32f4xx_hal_cortex.o
                                                  Application\User\main.o
                                                  Drivers\STM32F4xx_HAL_Driver\stm32f4xx_hal.o
HAL_SYSTICK_IRQHandler                            Drivers\STM32F4xx_HAL_Driver\stm32f4xx_hal_cortex.o
HAL_SuspendTick                                   Drivers\STM32F4xx_HAL_Driver\stm32f4xx_hal.o
HardFault_Handler                                 Application\TrueSTUDIO\startup_stm32f411xe.o
I2C1_ER_IRQHandler                                Application\TrueSTUDIO\startup_stm32f411xe.o
I2C1_EV_IRQHandler                                Application\TrueSTUDIO\startup_stm32f411xe.o
I2C2_ER_IRQHandler                                Application\TrueSTUDIO\startup_stm32f411xe.o
I2C2_EV_IRQHandler                                Application\TrueSTUDIO\startup_stm32f411xe.o
I2C3_ER_IRQHandler                                Application\TrueSTUDIO\startup_stm32f411xe.o
I2C3_EV_IRQHandler                                Application\TrueSTUDIO\startup_stm32f411xe.o
MemManage_Handler                                 Application\TrueSTUDIO\startup_stm32f411xe.o
NMI_Handler                                       Application\TrueSTUDIO\startup_stm32f411xe.o
OTG_FS_IRQHandler                                 Application\TrueSTUDIO\startup_stm32f411xe.o
OTG_FS_WKUP_IRQHandler                            Application\TrueSTUDIO\startup_stm32f411xe.o
PVD_IRQHandler                                    Application\TrueSTUDIO\startup_stm32f411xe.o
PendSV_Handler                                    Middlewares\FreeRTOS\port.o
RCC_IRQHandler                                    Application\TrueSTUDIO\startup_stm32f411xe.o
RTC_Alarm_IRQHandler                              Application\TrueSTUDIO\startup_stm32f411xe.o
RTC_WKUP_IRQHandler                               Application\TrueSTUDIO\startup_stm32f411xe.o
Reset_Handler                                     Application\TrueSTUDIO\startup_stm32f411xe.o
SDIO_IRQHandler                                   Application\TrueSTUDIO\startup_stm32f411xe.o
SPI1_IRQHandler                                   Application\TrueSTUDIO\startup_stm32f411xe.o
SPI2_IRQHandler                                   Application\TrueSTUDIO\startup_stm32f411xe.o
SPI3_IRQHandler                                   Application\TrueSTUDIO\startup_stm32f411xe.o
SPI4_IRQHandler                                   Application\TrueSTUDIO\startup_stm32f411xe.o
SPI5_IRQHandler                                   Application\TrueSTUDIO\startup_stm32f411xe.o
SVC_Handler                                       Middlewares\FreeRTOS\port.o
StartDefaultTask                                  Application\User\main.o
SysTick_Handler                                   Application\User\stm32f4xx_it.o
SystemClock_Config                                Application\User\main.o
SystemCoreClock                                   Drivers\CMSIS\system_stm32f4xx.o
                                                  Drivers\STM32F4xx_HAL_Driver\stm32f4xx_hal_rcc.o
                                                  Middlewares\FreeRTOS\port.o
SystemCoreClockUpdate                             Drivers\CMSIS\system_stm32f4xx.o
SystemInit                                        Drivers\CMSIS\system_stm32f4xx.o
                                                  Application\TrueSTUDIO\startup_stm32f411xe.o
TAMP_STAMP_IRQHandler                             Application\TrueSTUDIO\startup_stm32f411xe.o
TIM1_BRK_TIM9_IRQHandler                          Application\TrueSTUDIO\startup_stm32f411xe.o
TIM1_CC_IRQHandler                                Application\TrueSTUDIO\startup_stm32f411xe.o
TIM1_TRG_COM_TIM11_IRQHandler                     Application\TrueSTUDIO\startup_stm32f411xe.o
TIM1_UP_TIM10_IRQHandler                          Application\TrueSTUDIO\startup_stm32f411xe.o
TIM2_IRQHandler                                   Application\TrueSTUDIO\startup_stm32f411xe.o
TIM3_IRQHandler                                   Application\TrueSTUDIO\startup_stm32f411xe.o
TIM4_IRQHandler                                   Application\TrueSTUDIO\startup_stm32f411xe.o
TIM5_IRQHandler                                   Application\TrueSTUDIO\startup_stm32f411xe.o
USART1_IRQHandler                                 Application\TrueSTUDIO\startup_stm32f411xe.o
USART2_IRQHandler                                 Application\TrueSTUDIO\startup_stm32f411xe.o
USART6_IRQHandler                                 Application\TrueSTUDIO\startup_stm32f411xe.o
UsageFault_Handler                                Application\TrueSTUDIO\startup_stm32f411xe.o
WWDG_IRQHandler                                   Application\TrueSTUDIO\startup_stm32f411xe.o
__deregister_frame_info                           c:/program files/atollic/truestudio for arm 5.4.0/armtools/bin/../lib/gcc/arm-atollic-eabi/4.8.3/armv7e-m/fpu/crtbegin.o
__dso_handle                                      c:/program files/atollic/truestudio for arm 5.4.0/armtools/bin/../lib/gcc/arm-atollic-eabi/4.8.3/armv7e-m/fpu/crtbegin.o
__init_array_end                                  c:/program files/atollic/truestudio for arm 5.4.0/armtools/bin/../lib/gcc/arm-atollic-eabi/4.8.3/../../../../arm-atollic-eabi/lib/armv7e-m/fpu\libc.a(lib_a-init.o)
__init_array_start                                c:/program files/atollic/truestudio for arm 5.4.0/armtools/bin/../lib/gcc/arm-atollic-eabi/4.8.3/../../../../arm-atollic-eabi/lib/armv7e-m/fpu\libc.a(lib_a-init.o)
__libc_init_array                                 c:/program files/atollic/truestudio for arm 5.4.0/armtools/bin/../lib/gcc/arm-atollic-eabi/4.8.3/../../../../arm-atollic-eabi/lib/armv7e-m/fpu\libc.a(lib_a-init.o)
                                                  Application\TrueSTUDIO\startup_stm32f411xe.o
__preinit_array_end                               c:/program files/atollic/truestudio for arm 5.4.0/armtools/bin/../lib/gcc/arm-atollic-eabi/4.8.3/../../../../arm-atollic-eabi/lib/armv7e-m/fpu\libc.a(lib_a-init.o)
__preinit_array_start                             c:/program files/atollic/truestudio for arm 5.4.0/armtools/bin/../lib/gcc/arm-atollic-eabi/4.8.3/../../../../arm-atollic-eabi/lib/armv7e-m/fpu\libc.a(lib_a-init.o)
__register_frame_info                             c:/program files/atollic/truestudio for arm 5.4.0/armtools/bin/../lib/gcc/arm-atollic-eabi/4.8.3/armv7e-m/fpu/crtbegin.o
_ebss                                             Application\TrueSTUDIO\startup_stm32f411xe.o
_edata                                            Application\TrueSTUDIO\startup_stm32f411xe.o
_estack                                           Application\TrueSTUDIO\startup_stm32f411xe.o
_fini                                             c:/program files/atollic/truestudio for arm 5.4.0/armtools/bin/../lib/gcc/arm-atollic-eabi/4.8.3/armv7e-m/fpu/crti.o
_init                                             c:/program files/atollic/truestudio for arm 5.4.0/armtools/bin/../lib/gcc/arm-atollic-eabi/4.8.3/armv7e-m/fpu/crti.o
                                                  c:/program files/atollic/truestudio for arm 5.4.0/armtools/bin/../lib/gcc/arm-atollic-eabi/4.8.3/../../../../arm-atollic-eabi/lib/armv7e-m/fpu\libc.a(lib_a-init.o)
_sbss                                             Application\TrueSTUDIO\startup_stm32f411xe.o
_sdata                                            Application\TrueSTUDIO\startup_stm32f411xe.o
_sidata                                           Application\TrueSTUDIO\startup_stm32f411xe.o
defaultTaskHandle                                 Application\User\main.o
g_pfnVectors                                      Application\TrueSTUDIO\startup_stm32f411xe.o
main                                              Application\User\main.o
                                                  Application\TrueSTUDIO\startup_stm32f411xe.o
memcpy                                            c:/program files/atollic/truestudio for arm 5.4.0/armtools/bin/../lib/gcc/arm-atollic-eabi/4.8.3/../../../../arm-atollic-eabi/lib/armv7e-m/fpu\libc.a(lib_a-memcpy-stub.o)
                                                  Middlewares\FreeRTOS\queue.o
memset                                            c:/program files/atollic/truestudio for arm 5.4.0/armtools/bin/../lib/gcc/arm-atollic-eabi/4.8.3/../../../../arm-atollic-eabi/lib/armv7e-m/fpu\libc.a(lib_a-memset.o)
                                                  Middlewares\FreeRTOS\cmsis_os.o
                                                  Middlewares\FreeRTOS\tasks.o
myMutex01Handle                                   Application\User\main.o
osDelay                                           Middlewares\FreeRTOS\cmsis_os.o
                                                  Application\User\main.o
osDelayUntil                                      Middlewares\FreeRTOS\cmsis_os.o
osKernelRunning                                   Middlewares\FreeRTOS\cmsis_os.o
osKernelStart                                     Middlewares\FreeRTOS\cmsis_os.o
                                                  Application\User\main.o
osKernelSysTick                                   Middlewares\FreeRTOS\cmsis_os.o
osMailAlloc                                       Middlewares\FreeRTOS\cmsis_os.o
osMailCAlloc                                      Middlewares\FreeRTOS\cmsis_os.o
osMailCreate                                      Middlewares\FreeRTOS\cmsis_os.o
osMailFree                                        Middlewares\FreeRTOS\cmsis_os.o
osMailGet                                         Middlewares\FreeRTOS\cmsis_os.o
osMailPut                                         Middlewares\FreeRTOS\cmsis_os.o
osMessageCreate                                   Middlewares\FreeRTOS\cmsis_os.o
osMessageGet                                      Middlewares\FreeRTOS\cmsis_os.o
osMessagePeek                                     Middlewares\FreeRTOS\cmsis_os.o
osMessagePut                                      Middlewares\FreeRTOS\cmsis_os.o
osMutexCreate                                     Middlewares\FreeRTOS\cmsis_os.o
                                                  Application\User\main.o
osMutexDelete                                     Middlewares\FreeRTOS\cmsis_os.o
osMutexRelease                                    Middlewares\FreeRTOS\cmsis_os.o
osMutexWait                                       Middlewares\FreeRTOS\cmsis_os.o
osPoolAlloc                                       Middlewares\FreeRTOS\cmsis_os.o
osPoolCAlloc                                      Middlewares\FreeRTOS\cmsis_os.o
osPoolCreate                                      Middlewares\FreeRTOS\cmsis_os.o
osPoolFree                                        Middlewares\FreeRTOS\cmsis_os.o
osRecursiveMutexCreate                            Middlewares\FreeRTOS\cmsis_os.o
osRecursiveMutexRelease                           Middlewares\FreeRTOS\cmsis_os.o
osRecursiveMutexWait                              Middlewares\FreeRTOS\cmsis_os.o
osSemaphoreCreate                                 Middlewares\FreeRTOS\cmsis_os.o
osSemaphoreDelete                                 Middlewares\FreeRTOS\cmsis_os.o
osSemaphoreRelease                                Middlewares\FreeRTOS\cmsis_os.o
osSemaphoreWait                                   Middlewares\FreeRTOS\cmsis_os.o
osSignalSet                                       Middlewares\FreeRTOS\cmsis_os.o
osSignalWait                                      Middlewares\FreeRTOS\cmsis_os.o
osSystickHandler                                  Middlewares\FreeRTOS\cmsis_os.o
                                                  Application\User\stm32f4xx_it.o
osThreadCreate                                    Middlewares\FreeRTOS\cmsis_os.o
                                                  Application\User\main.o
osThreadGetId                                     Middlewares\FreeRTOS\cmsis_os.o
osThreadGetPriority                               Middlewares\FreeRTOS\cmsis_os.o
osThreadList                                      Middlewares\FreeRTOS\cmsis_os.o
osThreadResume                                    Middlewares\FreeRTOS\cmsis_os.o
osThreadResumeAll                                 Middlewares\FreeRTOS\cmsis_os.o
osThreadSetPriority                               Middlewares\FreeRTOS\cmsis_os.o
osThreadSuspend                                   Middlewares\FreeRTOS\cmsis_os.o
osThreadSuspendAll                                Middlewares\FreeRTOS\cmsis_os.o
osThreadTerminate                                 Middlewares\FreeRTOS\cmsis_os.o
osThreadYield                                     Middlewares\FreeRTOS\cmsis_os.o
osTimerCreate                                     Middlewares\FreeRTOS\cmsis_os.o
osTimerDelete                                     Middlewares\FreeRTOS\cmsis_os.o
osTimerStart                                      Middlewares\FreeRTOS\cmsis_os.o
osTimerStop                                       Middlewares\FreeRTOS\cmsis_os.o
pFlash                                            Drivers\STM32F4xx_HAL_Driver\stm32f4xx_hal_flash.o
                                                  Drivers\STM32F4xx_HAL_Driver\stm32f4xx_hal_flash_ex.o
pvPortMalloc                                      Middlewares\FreeRTOS\heap_4.o
                                                  Middlewares\FreeRTOS\cmsis_os.o
                                                  Middlewares\FreeRTOS\event_groups.o
                                                  Middlewares\FreeRTOS\queue.o
                                                  Middlewares\FreeRTOS\tasks.o
pvTaskIncrementMutexHeldCount                     Middlewares\FreeRTOS\tasks.o
                                                  Middlewares\FreeRTOS\queue.o
pxCurrentTCB                                      Middlewares\FreeRTOS\tasks.o
                                                  Middlewares\FreeRTOS\port.o
pxPortInitialiseStack                             Middlewares\FreeRTOS\port.o
                                                  Middlewares\FreeRTOS\tasks.o
ucQueueGetQueueType                               Middlewares\FreeRTOS\queue.o
ulTaskNotifyTake                                  Middlewares\FreeRTOS\tasks.o
uxEventGroupGetNumber                             Middlewares\FreeRTOS\event_groups.o
uxListRemove                                      Middlewares\FreeRTOS\list.o
                                                  Middlewares\FreeRTOS\tasks.o
uxQueueGetQueueNumber                             Middlewares\FreeRTOS\queue.o
uxQueueMessagesWaiting                            Middlewares\FreeRTOS\queue.o
uxQueueMessagesWaitingFromISR                     Middlewares\FreeRTOS\queue.o
uxQueueSpacesAvailable                            Middlewares\FreeRTOS\queue.o
uxTaskGetNumberOfTasks                            Middlewares\FreeRTOS\tasks.o
uxTaskGetSystemState                              Middlewares\FreeRTOS\tasks.o
uxTaskGetTaskNumber                               Middlewares\FreeRTOS\tasks.o
uxTaskPriorityGet                                 Middlewares\FreeRTOS\tasks.o
                                                  Middlewares\FreeRTOS\cmsis_os.o
uxTaskPriorityGetFromISR                          Middlewares\FreeRTOS\tasks.o
                                                  Middlewares\FreeRTOS\cmsis_os.o
uxTaskResetEventItemValue                         Middlewares\FreeRTOS\tasks.o
                                                  Middlewares\FreeRTOS\event_groups.o
vEventGroupClearBitsCallback                      Middlewares\FreeRTOS\event_groups.o
vEventGroupDelete                                 Middlewares\FreeRTOS\event_groups.o
vEventGroupSetBitsCallback                        Middlewares\FreeRTOS\event_groups.o
vListInitialise                                   Middlewares\FreeRTOS\list.o
                                                  Middlewares\FreeRTOS\event_groups.o
                                                  Middlewares\FreeRTOS\queue.o
                                                  Middlewares\FreeRTOS\tasks.o
vListInitialiseItem                               Middlewares\FreeRTOS\list.o
                                                  Middlewares\FreeRTOS\tasks.o
vListInsert                                       Middlewares\FreeRTOS\list.o
                                                  Middlewares\FreeRTOS\tasks.o
vListInsertEnd                                    Middlewares\FreeRTOS\list.o
                                                  Middlewares\FreeRTOS\tasks.o
vOtherFunction                                    Application\User\main.o
vPortEndScheduler                                 Middlewares\FreeRTOS\port.o
                                                  Middlewares\FreeRTOS\tasks.o
vPortEnterCritical                                Middlewares\FreeRTOS\port.o
                                                  Middlewares\FreeRTOS\cmsis_os.o
                                                  Middlewares\FreeRTOS\event_groups.o
                                                  Middlewares\FreeRTOS\queue.o
                                                  Middlewares\FreeRTOS\tasks.o
vPortExitCritical                                 Middlewares\FreeRTOS\port.o
                                                  Middlewares\FreeRTOS\cmsis_os.o
                                                  Middlewares\FreeRTOS\event_groups.o
                                                  Middlewares\FreeRTOS\queue.o
                                                  Middlewares\FreeRTOS\tasks.o
vPortFree                                         Middlewares\FreeRTOS\heap_4.o
                                                  Middlewares\FreeRTOS\cmsis_os.o
                                                  Middlewares\FreeRTOS\event_groups.o
                                                  Middlewares\FreeRTOS\queue.o
                                                  Middlewares\FreeRTOS\tasks.o
vPortInitialiseBlocks                             Middlewares\FreeRTOS\heap_4.o
vPortSetupTimerInterrupt                          Middlewares\FreeRTOS\port.o
vPortValidateInterruptPriority                    Middlewares\FreeRTOS\port.o
                                                  Middlewares\FreeRTOS\queue.o
                                                  Middlewares\FreeRTOS\tasks.o
vQueueAddToRegistry                               Middlewares\FreeRTOS\queue.o
vQueueDelete                                      Middlewares\FreeRTOS\queue.o
                                                  Middlewares\FreeRTOS\cmsis_os.o
vQueueSetQueueNumber                              Middlewares\FreeRTOS\queue.o
vQueueUnregisterQueue                             Middlewares\FreeRTOS\queue.o
vTaskCodeBlink1                                   Application\User\main.o
vTaskCodeBlink10                                  Application\User\main.o
vTaskCodeCheckButton                              Application\User\main.o
vTaskDelay                                        Middlewares\FreeRTOS\tasks.o
                                                  Middlewares\FreeRTOS\cmsis_os.o
vTaskDelayUntil                                   Middlewares\FreeRTOS\tasks.o
                                                  Application\User\main.o
                                                  Middlewares\FreeRTOS\cmsis_os.o
vTaskDelete                                       Middlewares\FreeRTOS\tasks.o
                                                  Middlewares\FreeRTOS\cmsis_os.o
vTaskEndScheduler                                 Middlewares\FreeRTOS\tasks.o
vTaskMissedYield                                  Middlewares\FreeRTOS\tasks.o
                                                  Middlewares\FreeRTOS\queue.o
vTaskNotifyGiveFromISR                            Middlewares\FreeRTOS\tasks.o
vTaskPlaceOnEventList                             Middlewares\FreeRTOS\tasks.o
                                                  Middlewares\FreeRTOS\queue.o
vTaskPlaceOnUnorderedEventList                    Middlewares\FreeRTOS\tasks.o
                                                  Middlewares\FreeRTOS\event_groups.o
vTaskPriorityInherit                              Middlewares\FreeRTOS\tasks.o
                                                  Middlewares\FreeRTOS\queue.o
vTaskPrioritySet                                  Middlewares\FreeRTOS\tasks.o
                                                  Middlewares\FreeRTOS\cmsis_os.o
vTaskResume                                       Middlewares\FreeRTOS\tasks.o
                                                  Application\User\main.o
                                                  Middlewares\FreeRTOS\cmsis_os.o
vTaskSetTaskNumber                                Middlewares\FreeRTOS\tasks.o
vTaskSetTimeOutState                              Middlewares\FreeRTOS\tasks.o
                                                  Middlewares\FreeRTOS\queue.o
vTaskStartScheduler                               Middlewares\FreeRTOS\tasks.o
                                                  Middlewares\FreeRTOS\cmsis_os.o
vTaskSuspend                                      Middlewares\FreeRTOS\tasks.o
                                                  Application\User\main.o
                                                  Middlewares\FreeRTOS\cmsis_os.o
vTaskSuspendAll                                   Middlewares\FreeRTOS\tasks.o
                                                  Middlewares\FreeRTOS\cmsis_os.o
                                                  Middlewares\FreeRTOS\event_groups.o
                                                  Middlewares\FreeRTOS\heap_4.o
                                                  Middlewares\FreeRTOS\queue.o
vTaskSwitchContext                                Middlewares\FreeRTOS\tasks.o
                                                  Middlewares\FreeRTOS\port.o
xEventGroupClearBits                              Middlewares\FreeRTOS\event_groups.o
xEventGroupCreate                                 Middlewares\FreeRTOS\event_groups.o
xEventGroupGetBitsFromISR                         Middlewares\FreeRTOS\event_groups.o
xEventGroupSetBits                                Middlewares\FreeRTOS\event_groups.o
xEventGroupSync                                   Middlewares\FreeRTOS\event_groups.o
xEventGroupWaitBits                               Middlewares\FreeRTOS\event_groups.o
xHandleToBlink10Task                              Application\User\main.o
xPortGetFreeHeapSize                              Middlewares\FreeRTOS\heap_4.o
xPortGetMinimumEverFreeHeapSize                   Middlewares\FreeRTOS\heap_4.o
xPortStartScheduler                               Middlewares\FreeRTOS\port.o
                                                  Middlewares\FreeRTOS\tasks.o
xPortSysTickHandler                               Middlewares\FreeRTOS\port.o
                                                  Middlewares\FreeRTOS\cmsis_os.o
xQueueCreateCountingSemaphore                     Middlewares\FreeRTOS\queue.o
                                                  Middlewares\FreeRTOS\cmsis_os.o
xQueueCreateMutex                                 Middlewares\FreeRTOS\queue.o
                                                  Middlewares\FreeRTOS\cmsis_os.o
xQueueGenericCreate                               Middlewares\FreeRTOS\queue.o
                                                  Middlewares\FreeRTOS\cmsis_os.o
xQueueGenericReceive                              Middlewares\FreeRTOS\queue.o
                                                  Application\User\main.o
                                                  Middlewares\FreeRTOS\cmsis_os.o
xQueueGenericReset                                Middlewares\FreeRTOS\queue.o
xQueueGenericSend                                 Middlewares\FreeRTOS\queue.o
                                                  Application\User\main.o
                                                  Middlewares\FreeRTOS\cmsis_os.o
xQueueGenericSendFromISR                          Middlewares\FreeRTOS\queue.o
                                                  Middlewares\FreeRTOS\cmsis_os.o
xQueueGiveFromISR                                 Middlewares\FreeRTOS\queue.o
                                                  Middlewares\FreeRTOS\cmsis_os.o
xQueueGiveMutexRecursive                          Middlewares\FreeRTOS\queue.o
                                                  Middlewares\FreeRTOS\cmsis_os.o
xQueueIsQueueEmptyFromISR                         Middlewares\FreeRTOS\queue.o
xQueueIsQueueFullFromISR                          Middlewares\FreeRTOS\queue.o
xQueuePeekFromISR                                 Middlewares\FreeRTOS\queue.o
xQueueReceiveFromISR                              Middlewares\FreeRTOS\queue.o
                                                  Middlewares\FreeRTOS\cmsis_os.o
xQueueRegistry                                    Middlewares\FreeRTOS\queue.o
xQueueTakeMutexRecursive                          Middlewares\FreeRTOS\queue.o
                                                  Middlewares\FreeRTOS\cmsis_os.o
xTaskCheckForTimeOut                              Middlewares\FreeRTOS\tasks.o
                                                  Middlewares\FreeRTOS\queue.o
xTaskGenericCreate                                Middlewares\FreeRTOS\tasks.o
                                                  Application\User\main.o
                                                  Middlewares\FreeRTOS\cmsis_os.o
xTaskGenericNotify                                Middlewares\FreeRTOS\tasks.o
                                                  Middlewares\FreeRTOS\cmsis_os.o
xTaskGetCurrentTaskHandle                         Middlewares\FreeRTOS\tasks.o
                                                  Middlewares\FreeRTOS\cmsis_os.o
                                                  Middlewares\FreeRTOS\queue.o
xTaskGetSchedulerState                            Middlewares\FreeRTOS\tasks.o
                                                  Middlewares\FreeRTOS\cmsis_os.o
                                                  Middlewares\FreeRTOS\event_groups.o
                                                  Middlewares\FreeRTOS\queue.o
xTaskGetTickCount                                 Middlewares\FreeRTOS\tasks.o
                                                  Application\User\main.o
                                                  Middlewares\FreeRTOS\cmsis_os.o
xTaskGetTickCountFromISR                          Middlewares\FreeRTOS\tasks.o
                                                  Middlewares\FreeRTOS\cmsis_os.o
xTaskIncrementTick                                Middlewares\FreeRTOS\tasks.o
                                                  Middlewares\FreeRTOS\port.o
xTaskNotifyFromISR                                Middlewares\FreeRTOS\tasks.o
                                                  Middlewares\FreeRTOS\cmsis_os.o
xTaskNotifyWait                                   Middlewares\FreeRTOS\tasks.o
                                                  Middlewares\FreeRTOS\cmsis_os.o
xTaskPriorityDisinherit                           Middlewares\FreeRTOS\tasks.o
                                                  Middlewares\FreeRTOS\queue.o
xTaskRemoveFromEventList                          Middlewares\FreeRTOS\tasks.o
                                                  Middlewares\FreeRTOS\queue.o
xTaskRemoveFromUnorderedEventList                 Middlewares\FreeRTOS\tasks.o
                                                  Middlewares\FreeRTOS\event_groups.o
xTaskResumeAll                                    Middlewares\FreeRTOS\tasks.o
                                                  Middlewares\FreeRTOS\cmsis_os.o
                                                  Middlewares\FreeRTOS\event_groups.o
                                                  Middlewares\FreeRTOS\heap_4.o
                                                  Middlewares\FreeRTOS\queue.o
xTaskResumeFromISR                                Middlewares\FreeRTOS\tasks.o
                                                  Middlewares\FreeRTOS\cmsis_os.o
